Archive member included to satisfy reference by file (symbol)

c:/st/stm32cubeide_1.7.0/stm32cubeide/plugins/com.st.stm32cube.ide.mcu.externaltools.gnu-tools-for-stm32.9-2020-q2-update.win32_2.0.0.202105311346/tools/bin/../lib/gcc/arm-none-eabi/9.3.1/../../../../arm-none-eabi/lib/thumb/v7e-m+fp/hard\libc_nano.a(lib_a-errno.o)
                              ./Core/Src/syscalls.o (__errno)
c:/st/stm32cubeide_1.7.0/stm32cubeide/plugins/com.st.stm32cube.ide.mcu.externaltools.gnu-tools-for-stm32.9-2020-q2-update.win32_2.0.0.202105311346/tools/bin/../lib/gcc/arm-none-eabi/9.3.1/../../../../arm-none-eabi/lib/thumb/v7e-m+fp/hard\libc_nano.a(lib_a-exit.o)
                              c:/st/stm32cubeide_1.7.0/stm32cubeide/plugins/com.st.stm32cube.ide.mcu.externaltools.gnu-tools-for-stm32.9-2020-q2-update.win32_2.0.0.202105311346/tools/bin/../lib/gcc/arm-none-eabi/9.3.1/../../../../arm-none-eabi/lib/thumb/v7e-m+fp/hard/crt0.o (exit)
c:/st/stm32cubeide_1.7.0/stm32cubeide/plugins/com.st.stm32cube.ide.mcu.externaltools.gnu-tools-for-stm32.9-2020-q2-update.win32_2.0.0.202105311346/tools/bin/../lib/gcc/arm-none-eabi/9.3.1/../../../../arm-none-eabi/lib/thumb/v7e-m+fp/hard\libc_nano.a(lib_a-impure.o)
                              c:/st/stm32cubeide_1.7.0/stm32cubeide/plugins/com.st.stm32cube.ide.mcu.externaltools.gnu-tools-for-stm32.9-2020-q2-update.win32_2.0.0.202105311346/tools/bin/../lib/gcc/arm-none-eabi/9.3.1/../../../../arm-none-eabi/lib/thumb/v7e-m+fp/hard\libc_nano.a(lib_a-exit.o) (_global_impure_ptr)
c:/st/stm32cubeide_1.7.0/stm32cubeide/plugins/com.st.stm32cube.ide.mcu.externaltools.gnu-tools-for-stm32.9-2020-q2-update.win32_2.0.0.202105311346/tools/bin/../lib/gcc/arm-none-eabi/9.3.1/../../../../arm-none-eabi/lib/thumb/v7e-m+fp/hard\libc_nano.a(lib_a-init.o)
                              c:/st/stm32cubeide_1.7.0/stm32cubeide/plugins/com.st.stm32cube.ide.mcu.externaltools.gnu-tools-for-stm32.9-2020-q2-update.win32_2.0.0.202105311346/tools/bin/../lib/gcc/arm-none-eabi/9.3.1/../../../../arm-none-eabi/lib/thumb/v7e-m+fp/hard/crt0.o (__libc_init_array)
c:/st/stm32cubeide_1.7.0/stm32cubeide/plugins/com.st.stm32cube.ide.mcu.externaltools.gnu-tools-for-stm32.9-2020-q2-update.win32_2.0.0.202105311346/tools/bin/../lib/gcc/arm-none-eabi/9.3.1/../../../../arm-none-eabi/lib/thumb/v7e-m+fp/hard\libc_nano.a(lib_a-memset.o)
                              c:/st/stm32cubeide_1.7.0/stm32cubeide/plugins/com.st.stm32cube.ide.mcu.externaltools.gnu-tools-for-stm32.9-2020-q2-update.win32_2.0.0.202105311346/tools/bin/../lib/gcc/arm-none-eabi/9.3.1/../../../../arm-none-eabi/lib/thumb/v7e-m+fp/hard/crt0.o (memset)
c:/st/stm32cubeide_1.7.0/stm32cubeide/plugins/com.st.stm32cube.ide.mcu.externaltools.gnu-tools-for-stm32.9-2020-q2-update.win32_2.0.0.202105311346/tools/bin/../lib/gcc/arm-none-eabi/9.3.1/../../../../arm-none-eabi/lib/thumb/v7e-m+fp/hard\libc_nano.a(lib_a-sprintf.o)
                              ./Core/Src/functions.o (sprintf)
c:/st/stm32cubeide_1.7.0/stm32cubeide/plugins/com.st.stm32cube.ide.mcu.externaltools.gnu-tools-for-stm32.9-2020-q2-update.win32_2.0.0.202105311346/tools/bin/../lib/gcc/arm-none-eabi/9.3.1/../../../../arm-none-eabi/lib/thumb/v7e-m+fp/hard\libc_nano.a(lib_a-strlen.o)
                              ./Core/Src/fonts.o (strlen)
c:/st/stm32cubeide_1.7.0/stm32cubeide/plugins/com.st.stm32cube.ide.mcu.externaltools.gnu-tools-for-stm32.9-2020-q2-update.win32_2.0.0.202105311346/tools/bin/../lib/gcc/arm-none-eabi/9.3.1/../../../../arm-none-eabi/lib/thumb/v7e-m+fp/hard\libc_nano.a(lib_a-nano-svfprintf.o)
                              c:/st/stm32cubeide_1.7.0/stm32cubeide/plugins/com.st.stm32cube.ide.mcu.externaltools.gnu-tools-for-stm32.9-2020-q2-update.win32_2.0.0.202105311346/tools/bin/../lib/gcc/arm-none-eabi/9.3.1/../../../../arm-none-eabi/lib/thumb/v7e-m+fp/hard\libc_nano.a(lib_a-sprintf.o) (_svfprintf_r)
c:/st/stm32cubeide_1.7.0/stm32cubeide/plugins/com.st.stm32cube.ide.mcu.externaltools.gnu-tools-for-stm32.9-2020-q2-update.win32_2.0.0.202105311346/tools/bin/../lib/gcc/arm-none-eabi/9.3.1/../../../../arm-none-eabi/lib/thumb/v7e-m+fp/hard\libc_nano.a(lib_a-nano-vfprintf_i.o)
                              c:/st/stm32cubeide_1.7.0/stm32cubeide/plugins/com.st.stm32cube.ide.mcu.externaltools.gnu-tools-for-stm32.9-2020-q2-update.win32_2.0.0.202105311346/tools/bin/../lib/gcc/arm-none-eabi/9.3.1/../../../../arm-none-eabi/lib/thumb/v7e-m+fp/hard\libc_nano.a(lib_a-nano-svfprintf.o) (_printf_i)
c:/st/stm32cubeide_1.7.0/stm32cubeide/plugins/com.st.stm32cube.ide.mcu.externaltools.gnu-tools-for-stm32.9-2020-q2-update.win32_2.0.0.202105311346/tools/bin/../lib/gcc/arm-none-eabi/9.3.1/../../../../arm-none-eabi/lib/thumb/v7e-m+fp/hard\libc_nano.a(lib_a-memchr.o)
[...]
Memory Configuration

Name             Origin             Length             Attributes
CCMRAM           0x0000000010000000 0x0000000000010000 xrw
RAM              0x0000000020000000 0x0000000000030000 xrw
FLASH            0x0000000008000000 0x0000000000200000 xr
*default*        0x0000000000000000 0xffffffffffffffff

Linker script and memory map

LOAD c:/st/stm32cubeide_1.7.0/stm32cubeide/plugins/com.st.stm32cube.ide.mcu.externaltools.gnu-tools-for-stm32.9-2020-q2-update.win32_2.0.0.202105311346/tools/bin/../lib/gcc/arm-none-eabi/9.3.1/thumb/v7e-m+fp/hard/crti.o
LOAD c:/st/stm32cubeide_1.7.0/stm32cubeide/plugins/com.st.stm32cube.ide.mcu.externaltools.gnu-tools-for-stm32.9-2020-q2-update.win32_2.0.0.202105311346/tools/bin/../lib/gcc/arm-none-eabi/9.3.1/thumb/v7e-m+fp/hard/crtbegin.o
LOAD c:/st/stm32cubeide_1.7.0/stm32cubeide/plugins/com.st.stm32cube.ide.mcu.externaltools.gnu-tools-for-stm32.9-2020-q2-update.win32_2.0.0.202105311346/tools/bin/../lib/gcc/arm-none-eabi/9.3.1/../../../../arm-none-eabi/lib/thumb/v7e-m+fp/hard/crt0.o
LOAD ./Core/Src/adc.o
LOAD ./Core/Src/animation.o
LOAD ./Core/Src/fonts.o
LOAD ./Core/Src/functions.o
LOAD ./Core/Src/i2c.o
LOAD ./Core/Src/main.o
LOAD ./Core/Src/ssd1306.o
LOAD ./Core/Src/stm32f4xx_hal_msp.o
LOAD ./Core/Src/stm32f4xx_hal_timebase_tim.o
LOAD ./Core/Src/stm32f4xx_it.o
LOAD ./Core/Src/syscalls.o
LOAD ./Core/Src/sysmem.o
LOAD ./Core/Src/system_stm32f4xx.o
LOAD ./Core/Src/test.o
LOAD ./Core/Startup/startup_stm32f429zitx.o
LOAD ./Drivers/STM32F4xx_HAL_Driver/Src/stm32f4xx_hal.o
LOAD ./Drivers/STM32F4xx_HAL_Driver/Src/stm32f4xx_hal_cortex.o
LOAD ./Drivers/STM32F4xx_HAL_Driver/Src/stm32f4xx_hal_dma.o
LOAD ./Drivers/STM32F4xx_HAL_Driver/Src/stm32f4xx_hal_dma_ex.o
LOAD ./Drivers/STM32F4xx_HAL_Driver/Src/stm32f4xx_hal_exti.o
LOAD ./Drivers/STM32F4xx_HAL_Driver/Src/stm32f4xx_hal_flash.o
LOAD ./Drivers/STM32F4xx_HAL_Driver/Src/stm32f4xx_hal_flash_ex.o
LOAD ./Drivers/STM32F4xx_HAL_Driver/Src/stm32f4xx_hal_flash_ramfunc.o
LOAD ./Drivers/STM32F4xx_HAL_Driver/Src/stm32f4xx_hal_gpio.o
LOAD ./Drivers/STM32F4xx_HAL_Driver/Src/stm32f4xx_hal_i2c.o
LOAD ./Drivers/STM32F4xx_HAL_Driver/Src/stm32f4xx_hal_i2c_ex.o
LOAD ./Drivers/STM32F4xx_HAL_Driver/Src/stm32f4xx_hal_pwr.o
LOAD ./Drivers/STM32F4xx_HAL_Driver/Src/stm32f4xx_hal_pwr_ex.o
LOAD ./Drivers/STM32F4xx_HAL_Driver/Src/stm32f4xx_hal_rcc.o
LOAD ./Drivers/STM32F4xx_HAL_Driver/Src/stm32f4xx_hal_rcc_ex.o
LOAD ./Drivers/STM32F4xx_HAL_Driver/Src/stm32f4xx_hal_tim.o
LOAD ./Drivers/STM32F4xx_HAL_Driver/Src/stm32f4xx_hal_tim_ex.o
START GROUP
LOAD c:/st/stm32cubeide_1.7.0/stm32cubeide/plugins/com.st.stm32cube.ide.mcu.externaltools.gnu-tools-for-stm32.9-2020-q2-update.win32_2.0.0.202105311346/tools/bin/../lib/gcc/arm-none-eabi/9.3.1/../../../../arm-none-eabi/lib/thumb/v7e-m+fp/hard\libc_nano.a
LOAD c:/st/stm32cubeide_1.7.0/stm32cubeide/plugins/com.st.stm32cube.ide.mcu.externaltools.gnu-tools-for-stm32.9-2020-q2-update.win32_2.0.0.202105311346/tools/bin/../lib/gcc/arm-none-eabi/9.3.1/../../../../arm-none-eabi/lib/thumb/v7e-m+fp/hard\libm.a
END GROUP
START GROUP
LOAD c:/st/stm32cubeide_1.7.0/stm32cubeide/plugins/com.st.stm32cube.ide.mcu.externaltools.gnu-tools-for-stm32.9-2020-q2-update.win32_2.0.0.202105311346/tools/bin/../lib/gcc/arm-none-eabi/9.3.1/thumb/v7e-m+fp/hard\libgcc.a
LOAD c:/st/stm32cubeide_1.7.0/stm32cubeide/plugins/com.st.stm32cube.ide.mcu.externaltools.gnu-tools-for-stm32.9-2020-q2-update.win32_2.0.0.202105311346/tools/bin/../lib/gcc/arm-none-eabi/9.3.1/../../../../arm-none-eabi/lib/thumb/v7e-m+fp/hard\libc_nano.a
END GROUP
START GROUP
LOAD c:/st/stm32cubeide_1.7.0/stm32cubeide/plugins/com.st.stm32cube.ide.mcu.externaltools.gnu-tools-for-stm32.9-2020-q2-update.win32_2.0.0.202105311346/tools/bin/../lib/gcc/arm-none-eabi/9.3.1/thumb/v7e-m+fp/hard\libgcc.a
LOAD c:/st/stm32cubeide_1.7.0/stm32cubeide/plugins/com.st.stm32cube.ide.mcu.externaltools.gnu-tools-for-stm32.9-2020-q2-update.win32_2.0.0.202105311346/tools/bin/../lib/gcc/arm-none-eabi/9.3.1/../../../../arm-none-eabi/lib/thumb/v7e-m+fp/hard\libc_nano.a
LOAD c:/st/stm32cubeide_1.7.0/stm32cubeide/plugins/com.st.stm32cube.ide.mcu.externaltools.gnu-tools-for-stm32.9-2020-q2-update.win32_2.0.0.202105311346/tools/bin/../lib/gcc/arm-none-eabi/9.3.1/../../../../arm-none-eabi/lib/thumb/v7e-m+fp/hard\libnosys.a
END GROUP
START GROUP
LOAD c:/st/stm32cubeide_1.7.0/stm32cubeide/plugins/com.st.stm32cube.ide.mcu.externaltools.gnu-tools-for-stm32.9-2020-q2-update.win32_2.0.0.202105311346/tools/bin/../lib/gcc/arm-none-eabi/9.3.1/thumb/v7e-m+fp/hard\libgcc.a
LOAD c:/st/stm32cubeide_1.7.0/stm32cubeide/plugins/com.st.stm32cube.ide.mcu.externaltools.gnu-tools-for-stm32.9-2020-q2-update.win32_2.0.0.202105311346/tools/bin/../lib/gcc/arm-none-eabi/9.3.1/../../../../arm-none-eabi/lib/thumb/v7e-m+fp/hard\libc_nano.a
LOAD c:/st/stm32cubeide_1.7.0/stm32cubeide/plugins/com.st.stm32cube.ide.mcu.externaltools.gnu-tools-for-stm32.9-2020-q2-update.win32_2.0.0.202105311346/tools/bin/../lib/gcc/arm-none-eabi/9.3.1/../../../../arm-none-eabi/lib/thumb/v7e-m+fp/hard\libnosys.a
END GROUP
LOAD c:/st/stm32cubeide_1.7.0/stm32cubeide/plugins/com.st.stm32cube.ide.mcu.externaltools.gnu-tools-for-stm32.9-2020-q2-update.win32_2.0.0.202105311346/tools/bin/../lib/gcc/arm-none-eabi/9.3.1/thumb/v7e-m+fp/hard/crtend.o
LOAD c:/st/stm32cubeide_1.7.0/stm32cubeide/plugins/com.st.stm32cube.ide.mcu.externaltools.gnu-tools-for-stm32.9-2020-q2-update.win32_2.0.0.202105311346/tools/bin/../lib/gcc/arm-none-eabi/9.3.1/thumb/v7e-m+fp/hard/crtn.o
                0x0000000020030000                _estack = (ORIGIN (RAM) + LENGTH (RAM))
                0x0000000000000200                _Min_Heap_Size = 0x200
                0x0000000000000400                _Min_Stack_Size = 0x400

.isr_vector     0x0000000008000000      0x1ac
                0x0000000008000000                . = ALIGN (0x4)
 *(.isr_vector)
 .isr_vector    0x0000000008000000      0x1ac ./Core/Startup/startup_stm32f429zitx.o
                0x0000000008000000                g_pfnVectors
                0x00000000080001ac                . = ALIGN (0x4)

.text           0x00000000080001b0     0x3340
                0x00000000080001b0                . = ALIGN (0x4)
 *(.text)
 .text          0x00000000080001b0       0x40 c:/st/stm32cubeide_1.7.0/stm32cubeide/plugins/com.st.stm32cube.ide.mcu.externaltools.gnu-tools-for-stm32.9-2020-q2-update.win32_2.0.0.202105311346/tools/bin/../lib/gcc/arm-none-eabi/9.3.1/thumb/v7e-m+fp/hard/crtbegin.o
 .text          0x00000000080001f0       0xa0 c:/st/stm32cubeide_1.7.0/stm32cubeide/plugins/com.st.stm32cube.ide.mcu.externaltools.gnu-tools-for-stm32.9-2020-q2-update.win32_2.0.0.202105311346/tools/bin/../lib/gcc/arm-none-eabi/9.3.1/../../../../arm-none-eabi/lib/thumb/v7e-m+fp/hard\libc_nano.a(lib_a-memchr.o)
                0x00000000080001f0                memchr
 .text          0x0000000008000290       0x30 c:/st/stm32cubeide_1.7.0/stm32cubeide/plugins/com.st.stm32cube.ide.mcu.externaltools.gnu-tools-for-stm32.9-2020-q2-update.win32_2.0.0.202105311346/tools/bin/../lib/gcc/arm-none-eabi/9.3.1/thumb/v7e-m+fp/hard\libgcc.a(_aeabi_uldivmod.o)
                0x0000000008000290                __aeabi_uldivmod
 .text          0x00000000080002c0      0x2c4 c:/st/stm32cubeide_1.7.0/stm32cubeide/plugins/com.st.stm32cube.ide.mcu.externaltools.gnu-tools-for-stm32.9-2020-q2-update.win32_2.0.0.202105311346/tools/bin/../lib/gcc/arm-none-eabi/9.3.1/thumb/v7e-m+fp/hard\libgcc.a(_udivmoddi4.o)
                0x00000000080002c0                __udivmoddi4
 .text          0x0000000008000584        0x4 c:/st/stm32cubeide_1.7.0/stm32cubeide/plugins/com.st.stm32cube.ide.mcu.externaltools.gnu-tools-for-stm32.9-2020-q2-update.win32_2.0.0.202105311346/tools/bin/../lib/gcc/arm-none-eabi/9.3.1/thumb/v7e-m+fp/hard\libgcc.a(_dvmd_tls.o)
                0x0000000008000584                __aeabi_idiv0
                0x0000000008000584                __aeabi_ldiv0
 *(.text*)
 .text.adc_conf
                0x0000000008000588       0x64 ./Core/Src/adc.o
                0x0000000008000588                adc_conf
 .text.start_conv
                0x00000000080005ec       0x2c ./Core/Src/adc.o
                0x00000000080005ec                start_conv
 .text.read_conv
                0x0000000008000618       0x24 ./Core/Src/adc.o
                0x0000000008000618                read_conv
 .text.displayAdc
                0x000000000800063c       0xc8 ./Core/Src/functions.o
                0x000000000800063c                displayAdc
 .text.i2c_bus_scan
                0x0000000008000704       0xb0 ./Core/Src/i2c.o
                0x0000000008000704                i2c_bus_scan
 .text.i2c_writeByte
                0x00000000080007b4       0x3a ./Core/Src/i2c.o
                0x00000000080007b4                i2c_writeByte
 *fill*         0x00000000080007ee        0x2 
 .text.i2c_writeMulti
                0x00000000080007f0       0x80 ./Core/Src/i2c.o
                0x00000000080007f0                i2c_writeMulti
 .text.i2c_start
                0x0000000008000870       0x3c ./Core/Src/i2c.o
                0x0000000008000870                i2c_start
 .text.i2c_stop
                0x00000000080008ac       0x20 ./Core/Src/i2c.o
                0x00000000080008ac                i2c_stop
 .text.i2c_writeAddress
                0x00000000080008cc       0x40 ./Core/Src/i2c.o
                0x00000000080008cc                i2c_writeAddress
 .text.i2c_writeRegister
                0x000000000800090c       0x40 ./Core/Src/i2c.o
                0x000000000800090c                i2c_writeRegister
 .text.i2c_writeData
                0x000000000800094c       0x40 ./Core/Src/i2c.o
                0x000000000800094c                i2c_writeData
 .text.main     0x000000000800098c       0xa0 ./Core/Src/main.o
                0x000000000800098c                main
 .text.SystemClock_Config
                0x0000000008000a2c       0xd8 ./Core/Src/main.o
                0x0000000008000a2c                SystemClock_Config
 .text.MX_I2C1_Init
                0x0000000008000b04       0x80 ./Core/Src/main.o
 .text.MX_GPIO_Init
                0x0000000008000b84       0x50 ./Core/Src/main.o
 .text.HAL_TIM_PeriodElapsedCallback
                0x0000000008000bd4       0x24 ./Core/Src/main.o
                0x0000000008000bd4                HAL_TIM_PeriodElapsedCallback
 .text.Error_Handler
                0x0000000008000bf8        0xa ./Core/Src/main.o
                0x0000000008000bf8                Error_Handler
 *fill*         0x0000000008000c02        0x2 
 .text.SSD1306_Init
                0x0000000008000c04      0x16c ./Core/Src/ssd1306.o
                0x0000000008000c04                SSD1306_Init
 .text.SSD1306_UpdateScreen
                0x0000000008000d70       0x5c ./Core/Src/ssd1306.o
                0x0000000008000d70                SSD1306_UpdateScreen
 .text.SSD1306_Fill
                0x0000000008000dcc       0x30 ./Core/Src/ssd1306.o
                0x0000000008000dcc                SSD1306_Fill
 .text.SSD1306_DrawPixel
                0x0000000008000dfc       0xc0 ./Core/Src/ssd1306.o
                0x0000000008000dfc                SSD1306_DrawPixel
 .text.SSD1306_GotoXY
                0x0000000008000ebc       0x2c ./Core/Src/ssd1306.o
                0x0000000008000ebc                SSD1306_GotoXY
 .text.SSD1306_Putc
                0x0000000008000ee8      0x100 ./Core/Src/ssd1306.o
                0x0000000008000ee8                SSD1306_Putc
 .text.SSD1306_Puts
                0x0000000008000fe8       0x4a ./Core/Src/ssd1306.o
                0x0000000008000fe8                SSD1306_Puts
 .text.SSD1306_Clear
                0x0000000008001032       0x12 ./Core/Src/ssd1306.o
                0x0000000008001032                SSD1306_Clear
 .text.ssd1306_I2C_Init
                0x0000000008001044       0x2c ./Core/Src/ssd1306.o
                0x0000000008001044                ssd1306_I2C_Init
 .text.ssd1306_I2C_WriteMulti
                0x0000000008001070       0x86 ./Core/Src/ssd1306.o
                0x0000000008001070                ssd1306_I2C_WriteMulti
 .text.ssd1306_I2C_Write
                0x00000000080010f6       0x2e ./Core/Src/ssd1306.o
                0x00000000080010f6                ssd1306_I2C_Write
 .text.HAL_MspInit
                0x0000000008001124       0x50 ./Core/Src/stm32f4xx_hal_msp.o
                0x0000000008001124                HAL_MspInit
 .text.HAL_I2C_MspInit
                0x0000000008001174       0x90 ./Core/Src/stm32f4xx_hal_msp.o
                0x0000000008001174                HAL_I2C_MspInit
 .text.HAL_InitTick
                0x0000000008001204       0xb4 ./Core/Src/stm32f4xx_hal_timebase_tim.o
                0x0000000008001204                HAL_InitTick
 .text.NMI_Handler
                0x00000000080012b8        0x6 ./Core/Src/stm32f4xx_it.o
                0x00000000080012b8                NMI_Handler
 .text.HardFault_Handler
                0x00000000080012be        0x6 ./Core/Src/stm32f4xx_it.o
                0x00000000080012be                HardFault_Handler
 .text.MemManage_Handler
                0x00000000080012c4        0x6 ./Core/Src/stm32f4xx_it.o
                0x00000000080012c4                MemManage_Handler
 .text.BusFault_Handler
                0x00000000080012ca        0x6 ./Core/Src/stm32f4xx_it.o
                0x00000000080012ca                BusFault_Handler
 .text.UsageFault_Handler
                0x00000000080012d0        0x6 ./Core/Src/stm32f4xx_it.o
                0x00000000080012d0                UsageFault_Handler
 .text.SVC_Handler
                0x00000000080012d6        0xe ./Core/Src/stm32f4xx_it.o
                0x00000000080012d6                SVC_Handler
 .text.DebugMon_Handler
                0x00000000080012e4        0xe ./Core/Src/stm32f4xx_it.o
                0x00000000080012e4                DebugMon_Handler
 .text.PendSV_Handler
                0x00000000080012f2        0xe ./Core/Src/stm32f4xx_it.o
                0x00000000080012f2                PendSV_Handler
 .text.SysTick_Handler
                0x0000000008001300        0xe ./Core/Src/stm32f4xx_it.o
                0x0000000008001300                SysTick_Handler
 *fill*         0x000000000800130e        0x2 
 .text.TIM1_UP_TIM10_IRQHandler
                0x0000000008001310       0x14 ./Core/Src/stm32f4xx_it.o
                0x0000000008001310                TIM1_UP_TIM10_IRQHandler
 .text._sbrk    0x0000000008001324       0x6c ./Core/Src/sysmem.o
                0x0000000008001324                _sbrk
 .text.SystemInit
                0x0000000008001390       0x24 ./Core/Src/system_stm32f4xx.o
                0x0000000008001390                SystemInit
 .text.Reset_Handler
                0x00000000080013b4       0x50 ./Core/Startup/startup_stm32f429zitx.o
                0x00000000080013b4                Reset_Handler
 .text.Default_Handler
                0x0000000008001404        0x2 ./Core/Startup/startup_stm32f429zitx.o
                0x0000000008001404                RTC_Alarm_IRQHandler
                0x0000000008001404                HASH_RNG_IRQHandler
                0x0000000008001404                EXTI2_IRQHandler
                0x0000000008001404                TIM8_CC_IRQHandler
                0x0000000008001404                UART8_IRQHandler
                0x0000000008001404                SPI4_IRQHandler
                0x0000000008001404                TIM1_CC_IRQHandler
                0x0000000008001404                DMA2_Stream5_IRQHandler
                0x0000000008001404                DMA1_Stream5_IRQHandler
                0x0000000008001404                PVD_IRQHandler
                0x0000000008001404                SDIO_IRQHandler
                0x0000000008001404                TAMP_STAMP_IRQHandler
                0x0000000008001404                CAN2_RX1_IRQHandler
                0x0000000008001404                EXTI3_IRQHandler
                0x0000000008001404                TIM8_TRG_COM_TIM14_IRQHandler
                0x0000000008001404                TIM8_UP_TIM13_IRQHandler
                0x0000000008001404                I2C3_ER_IRQHandler
                0x0000000008001404                EXTI0_IRQHandler
                0x0000000008001404                I2C2_EV_IRQHandler
                0x0000000008001404                DMA1_Stream2_IRQHandler
                0x0000000008001404                CAN1_RX0_IRQHandler
                0x0000000008001404                FPU_IRQHandler
                0x0000000008001404                OTG_HS_WKUP_IRQHandler
                0x0000000008001404                LTDC_ER_IRQHandler
                0x0000000008001404                CAN2_SCE_IRQHandler
                0x0000000008001404                DMA2_Stream2_IRQHandler
                0x0000000008001404                SPI1_IRQHandler
                0x0000000008001404                TIM6_DAC_IRQHandler
                0x0000000008001404                TIM1_BRK_TIM9_IRQHandler
                0x0000000008001404                DCMI_IRQHandler
                0x0000000008001404                CAN2_RX0_IRQHandler
                0x0000000008001404                DMA2_Stream3_IRQHandler
                0x0000000008001404                USART6_IRQHandler
                0x0000000008001404                USART3_IRQHandler
                0x0000000008001404                CAN1_RX1_IRQHandler
                0x0000000008001404                UART5_IRQHandler
                0x0000000008001404                DMA2_Stream0_IRQHandler
                0x0000000008001404                TIM4_IRQHandler
                0x0000000008001404                I2C1_EV_IRQHandler
                0x0000000008001404                DMA1_Stream6_IRQHandler
                0x0000000008001404                DMA1_Stream1_IRQHandler
                0x0000000008001404                UART4_IRQHandler
                0x0000000008001404                TIM3_IRQHandler
                0x0000000008001404                RCC_IRQHandler
                0x0000000008001404                TIM8_BRK_TIM12_IRQHandler
                0x0000000008001404                Default_Handler
                0x0000000008001404                EXTI15_10_IRQHandler
                0x0000000008001404                ADC_IRQHandler
                0x0000000008001404                DMA1_Stream7_IRQHandler
                0x0000000008001404                SPI5_IRQHandler
                0x0000000008001404                TIM7_IRQHandler
                0x0000000008001404                CAN2_TX_IRQHandler
                0x0000000008001404                TIM5_IRQHandler
                0x0000000008001404                DMA2_Stream7_IRQHandler
                0x0000000008001404                I2C3_EV_IRQHandler
                0x0000000008001404                EXTI9_5_IRQHandler
                0x0000000008001404                RTC_WKUP_IRQHandler
                0x0000000008001404                LTDC_IRQHandler
                0x0000000008001404                ETH_WKUP_IRQHandler
                0x0000000008001404                SPI2_IRQHandler
                0x0000000008001404                OTG_HS_EP1_IN_IRQHandler
                0x0000000008001404                DMA1_Stream0_IRQHandler
                0x0000000008001404                CAN1_TX_IRQHandler
                0x0000000008001404                EXTI4_IRQHandler
                0x0000000008001404                ETH_IRQHandler
                0x0000000008001404                OTG_HS_EP1_OUT_IRQHandler
                0x0000000008001404                WWDG_IRQHandler
                0x0000000008001404                SPI6_IRQHandler
                0x0000000008001404                TIM2_IRQHandler
                0x0000000008001404                OTG_FS_WKUP_IRQHandler
                0x0000000008001404                TIM1_TRG_COM_TIM11_IRQHandler
                0x0000000008001404                OTG_HS_IRQHandler
                0x0000000008001404                DMA2D_IRQHandler
                0x0000000008001404                EXTI1_IRQHandler
                0x0000000008001404                UART7_IRQHandler
                0x0000000008001404                USART2_IRQHandler
                0x0000000008001404                I2C2_ER_IRQHandler
                0x0000000008001404                DMA2_Stream1_IRQHandler
                0x0000000008001404                CAN1_SCE_IRQHandler
                0x0000000008001404                FLASH_IRQHandler
                0x0000000008001404                DMA2_Stream4_IRQHandler
                0x0000000008001404                USART1_IRQHandler
                0x0000000008001404                OTG_FS_IRQHandler
                0x0000000008001404                SPI3_IRQHandler
                0x0000000008001404                DMA1_Stream4_IRQHandler
                0x0000000008001404                I2C1_ER_IRQHandler
                0x0000000008001404                FMC_IRQHandler
                0x0000000008001404                DMA2_Stream6_IRQHandler
                0x0000000008001404                SAI1_IRQHandler
                0x0000000008001404                DMA1_Stream3_IRQHandler
 *fill*         0x0000000008001406        0x2 
 .text.HAL_Init
                0x0000000008001408       0x44 ./Drivers/STM32F4xx_HAL_Driver/Src/stm32f4xx_hal.o
                0x0000000008001408                HAL_Init
 .text.HAL_IncTick
                0x000000000800144c       0x28 ./Drivers/STM32F4xx_HAL_Driver/Src/stm32f4xx_hal.o
                0x000000000800144c                HAL_IncTick
 .text.HAL_GetTick
                0x0000000008001474       0x18 ./Drivers/STM32F4xx_HAL_Driver/Src/stm32f4xx_hal.o
                0x0000000008001474                HAL_GetTick
 .text.HAL_Delay
                0x000000000800148c       0x48 ./Drivers/STM32F4xx_HAL_Driver/Src/stm32f4xx_hal.o
                0x000000000800148c                HAL_Delay
 .text.__NVIC_SetPriorityGrouping
                0x00000000080014d4       0x48 ./Drivers/STM32F4xx_HAL_Driver/Src/stm32f4xx_hal_cortex.o
 .text.__NVIC_GetPriorityGrouping
                0x000000000800151c       0x1c ./Drivers/STM32F4xx_HAL_Driver/Src/stm32f4xx_hal_cortex.o
 .text.__NVIC_EnableIRQ
                0x0000000008001538       0x3c ./Drivers/STM32F4xx_HAL_Driver/Src/stm32f4xx_hal_cortex.o
 .text.__NVIC_SetPriority
                0x0000000008001574       0x54 ./Drivers/STM32F4xx_HAL_Driver/Src/stm32f4xx_hal_cortex.o
 .text.NVIC_EncodePriority
                0x00000000080015c8       0x66 ./Drivers/STM32F4xx_HAL_Driver/Src/stm32f4xx_hal_cortex.o
 .text.HAL_NVIC_SetPriorityGrouping
                0x000000000800162e       0x16 ./Drivers/STM32F4xx_HAL_Driver/Src/stm32f4xx_hal_cortex.o
                0x000000000800162e                HAL_NVIC_SetPriorityGrouping
 .text.HAL_NVIC_SetPriority
                0x0000000008001644       0x38 ./Drivers/STM32F4xx_HAL_Driver/Src/stm32f4xx_hal_cortex.o
                0x0000000008001644                HAL_NVIC_SetPriority
 .text.HAL_NVIC_EnableIRQ
                0x000000000800167c       0x1c ./Drivers/STM32F4xx_HAL_Driver/Src/stm32f4xx_hal_cortex.o
                0x000000000800167c                HAL_NVIC_EnableIRQ
 .text.HAL_GPIO_Init
                0x0000000008001698      0x358 ./Drivers/STM32F4xx_HAL_Driver/Src/stm32f4xx_hal_gpio.o
                0x0000000008001698                HAL_GPIO_Init
 .text.HAL_I2C_Init
                0x00000000080019f0      0x288 ./Drivers/STM32F4xx_HAL_Driver/Src/stm32f4xx_hal_i2c.o
                0x00000000080019f0                HAL_I2C_Init
 .text.HAL_I2CEx_ConfigAnalogFilter
                0x0000000008001c78       0x78 ./Drivers/STM32F4xx_HAL_Driver/Src/stm32f4xx_hal_i2c_ex.o
                0x0000000008001c78                HAL_I2CEx_ConfigAnalogFilter
 .text.HAL_I2CEx_ConfigDigitalFilter
                0x0000000008001cf0       0x7e ./Drivers/STM32F4xx_HAL_Driver/Src/stm32f4xx_hal_i2c_ex.o
                0x0000000008001cf0                HAL_I2CEx_ConfigDigitalFilter
 *fill*         0x0000000008001d6e        0x2 
 .text.HAL_RCC_OscConfig
                0x0000000008001d70      0x4f0 ./Drivers/STM32F4xx_HAL_Driver/Src/stm32f4xx_hal_rcc.o
                0x0000000008001d70                HAL_RCC_OscConfig
 .text.HAL_RCC_ClockConfig
                0x0000000008002260      0x1cc ./Drivers/STM32F4xx_HAL_Driver/Src/stm32f4xx_hal_rcc.o
                0x0000000008002260                HAL_RCC_ClockConfig
 .text.HAL_RCC_GetSysClockFreq
                0x000000000800242c      0x1c4 ./Drivers/STM32F4xx_HAL_Driver/Src/stm32f4xx_hal_rcc.o
                0x000000000800242c                HAL_RCC_GetSysClockFreq
 .text.HAL_RCC_GetHCLKFreq
                0x00000000080025f0       0x18 ./Drivers/STM32F4xx_HAL_Driver/Src/stm32f4xx_hal_rcc.o
                0x00000000080025f0                HAL_RCC_GetHCLKFreq
 .text.HAL_RCC_GetPCLK1Freq
                0x0000000008002608       0x28 ./Drivers/STM32F4xx_HAL_Driver/Src/stm32f4xx_hal_rcc.o
                0x0000000008002608                HAL_RCC_GetPCLK1Freq
 .text.HAL_RCC_GetPCLK2Freq
                0x0000000008002630       0x28 ./Drivers/STM32F4xx_HAL_Driver/Src/stm32f4xx_hal_rcc.o
                0x0000000008002630                HAL_RCC_GetPCLK2Freq
 .text.HAL_RCC_GetClockConfig
                0x0000000008002658       0x64 ./Drivers/STM32F4xx_HAL_Driver/Src/stm32f4xx_hal_rcc.o
                0x0000000008002658                HAL_RCC_GetClockConfig
 .text.HAL_TIM_Base_Init
                0x00000000080026bc       0x9e ./Drivers/STM32F4xx_HAL_Driver/Src/stm32f4xx_hal_tim.o
                0x00000000080026bc                HAL_TIM_Base_Init
 .text.HAL_TIM_Base_MspInit
                0x000000000800275a       0x14 ./Drivers/STM32F4xx_HAL_Driver/Src/stm32f4xx_hal_tim.o
                0x000000000800275a                HAL_TIM_Base_MspInit
 *fill*         0x000000000800276e        0x2 
 .text.HAL_TIM_Base_Start_IT
                0x0000000008002770       0xe0 ./Drivers/STM32F4xx_HAL_Driver/Src/stm32f4xx_hal_tim.o
                0x0000000008002770                HAL_TIM_Base_Start_IT
 .text.HAL_TIM_IRQHandler
                0x0000000008002850      0x210 ./Drivers/STM32F4xx_HAL_Driver/Src/stm32f4xx_hal_tim.o
                0x0000000008002850                HAL_TIM_IRQHandler
 .text.HAL_TIM_OC_DelayElapsedCallback
                0x0000000008002a60       0x14 ./Drivers/STM32F4xx_HAL_Driver/Src/stm32f4xx_hal_tim.o
                0x0000000008002a60                HAL_TIM_OC_DelayElapsedCallback
 .text.HAL_TIM_IC_CaptureCallback
                0x0000000008002a74       0x14 ./Drivers/STM32F4xx_HAL_Driver/Src/stm32f4xx_hal_tim.o
                0x0000000008002a74                HAL_TIM_IC_CaptureCallback
 .text.HAL_TIM_PWM_PulseFinishedCallback
                0x0000000008002a88       0x14 ./Drivers/STM32F4xx_HAL_Driver/Src/stm32f4xx_hal_tim.o
                0x0000000008002a88                HAL_TIM_PWM_PulseFinishedCallback
 .text.HAL_TIM_TriggerCallback
                0x0000000008002a9c       0x14 ./Drivers/STM32F4xx_HAL_Driver/Src/stm32f4xx_hal_tim.o
                0x0000000008002a9c                HAL_TIM_TriggerCallback
 .text.TIM_Base_SetConfig
                0x0000000008002ab0      0x140 ./Drivers/STM32F4xx_HAL_Driver/Src/stm32f4xx_hal_tim.o
                0x0000000008002ab0                TIM_Base_SetConfig
 .text.HAL_TIMEx_CommutCallback
                0x0000000008002bf0       0x14 ./Drivers/STM32F4xx_HAL_Driver/Src/stm32f4xx_hal_tim_ex.o
                0x0000000008002bf0                HAL_TIMEx_CommutCallback
 .text.HAL_TIMEx_BreakCallback
                0x0000000008002c04       0x14 ./Drivers/STM32F4xx_HAL_Driver/Src/stm32f4xx_hal_tim_ex.o
                0x0000000008002c04                HAL_TIMEx_BreakCallback
 .text.__errno  0x0000000008002c18        0xc c:/st/stm32cubeide_1.7.0/stm32cubeide/plugins/com.st.stm32cube.ide.mcu.externaltools.gnu-tools-for-stm32.9-2020-q2-update.win32_2.0.0.202105311346/tools/bin/../lib/gcc/arm-none-eabi/9.3.1/../../../../arm-none-eabi/lib/thumb/v7e-m+fp/hard\libc_nano.a(lib_a-errno.o)
                0x0000000008002c18                __errno
 .text.__libc_init_array
                0x0000000008002c24       0x48 c:/st/stm32cubeide_1.7.0/stm32cubeide/plugins/com.st.stm32cube.ide.mcu.externaltools.gnu-tools-for-stm32.9-2020-q2-update.win32_2.0.0.202105311346/tools/bin/../lib/gcc/arm-none-eabi/9.3.1/../../../../arm-none-eabi/lib/thumb/v7e-m+fp/hard\libc_nano.a(lib_a-init.o)
                0x0000000008002c24                __libc_init_array
 .text.memset   0x0000000008002c6c       0x10 c:/st/stm32cubeide_1.7.0/stm32cubeide/plugins/com.st.stm32cube.ide.mcu.externaltools.gnu-tools-for-stm32.9-2020-q2-update.win32_2.0.0.202105311346/tools/bin/../lib/gcc/arm-none-eabi/9.3.1/../../../../arm-none-eabi/lib/thumb/v7e-m+fp/hard\libc_nano.a(lib_a-memset.o)
                0x0000000008002c6c                memset
 .text.sprintf  0x0000000008002c7c       0x40 c:/st/stm32cubeide_1.7.0/stm32cubeide/plugins/com.st.stm32cube.ide.mcu.externaltools.gnu-tools-for-stm32.9-2020-q2-update.win32_2.0.0.202105311346/tools/bin/../lib/gcc/arm-none-eabi/9.3.1/../../../../arm-none-eabi/lib/thumb/v7e-m+fp/hard\libc_nano.a(lib_a-sprintf.o)
                0x0000000008002c7c                siprintf
                0x0000000008002c7c                sprintf
 .text.__ssputs_r
                0x0000000008002cbc       0xb6 c:/st/stm32cubeide_1.7.0/stm32cubeide/plugins/com.st.stm32cube.ide.mcu.externaltools.gnu-tools-for-stm32.9-2020-q2-update.win32_2.0.0.202105311346/tools/bin/../lib/gcc/arm-none-eabi/9.3.1/../../../../arm-none-eabi/lib/thumb/v7e-m+fp/hard\libc_nano.a(lib_a-nano-svfprintf.o)
                0x0000000008002cbc                __ssputs_r
 *fill*         0x0000000008002d72        0x2 
 .text._svfprintf_r
                0x0000000008002d74      0x200 c:/st/stm32cubeide_1.7.0/stm32cubeide/plugins/com.st.stm32cube.ide.mcu.externaltools.gnu-tools-for-stm32.9-2020-q2-update.win32_2.0.0.202105311346/tools/bin/../lib/gcc/arm-none-eabi/9.3.1/../../../../arm-none-eabi/lib/thumb/v7e-m+fp/hard\libc_nano.a(lib_a-nano-svfprintf.o)
                0x0000000008002d74                _svfiprintf_r
                0x0000000008002d74                _svfprintf_r
 .text._printf_common
                0x0000000008002f74       0xda c:/st/stm32cubeide_1.7.0/stm32cubeide/plugins/com.st.stm32cube.ide.mcu.externaltools.gnu-tools-for-stm32.9-2020-q2-update.win32_2.0.0.202105311346/tools/bin/../lib/gcc/arm-none-eabi/9.3.1/../../../../arm-none-eabi/lib/thumb/v7e-m+fp/hard\libc_nano.a(lib_a-nano-vfprintf_i.o)
                0x0000000008002f74                _printf_common
 *fill*         0x000000000800304e        0x2 
 .text._printf_i
                0x0000000008003050      0x24c c:/st/stm32cubeide_1.7.0/stm32cubeide/plugins/com.st.stm32cube.ide.mcu.externaltools.gnu-tools-for-stm32.9-2020-q2-update.win32_2.0.0.202105311346/tools/bin/../lib/gcc/arm-none-eabi/9.3.1/../../../../arm-none-eabi/lib/thumb/v7e-m+fp/hard\libc_nano.a(lib_a-nano-vfprintf_i.o)
                0x0000000008003050                _printf_i
 .text.memcpy   0x000000000800329c       0x1c c:/st/stm32cubeide_1.7.0/stm32cubeide/plugins/com.st.stm32cube.ide.mcu.externaltools.gnu-tools-for-stm32.9-2020-q2-update.win32_2.0.0.202105311346/tools/bin/../lib/gcc/arm-none-eabi/9.3.1/../../../../arm-none-eabi/lib/thumb/v7e-m+fp/hard\libc_nano.a(lib_a-memcpy-stub.o)
                0x000000000800329c                memcpy
 .text.memmove  0x00000000080032b8       0x34 c:/st/stm32cubeide_1.7.0/stm32cubeide/plugins/com.st.stm32cube.ide.mcu.externaltools.gnu-tools-for-stm32.9-2020-q2-update.win32_2.0.0.202105311346/tools/bin/../lib/gcc/arm-none-eabi/9.3.1/../../../../arm-none-eabi/lib/thumb/v7e-m+fp/hard\libc_nano.a(lib_a-memmove.o)
                0x00000000080032b8                memmove
 .text._free_r  0x00000000080032ec       0xa0 c:/st/stm32cubeide_1.7.0/stm32cubeide/plugins/com.st.stm32cube.ide.mcu.externaltools.gnu-tools-for-stm32.9-2020-q2-update.win32_2.0.0.202105311346/tools/bin/../lib/gcc/arm-none-eabi/9.3.1/../../../../arm-none-eabi/lib/thumb/v7e-m+fp/hard\libc_nano.a(lib_a-nano-freer.o)
                0x00000000080032ec                _free_r
 .text._malloc_r
                0x000000000800338c       0xb4 c:/st/stm32cubeide_1.7.0/stm32cubeide/plugins/com.st.stm32cube.ide.mcu.externaltools.gnu-tools-for-stm32.9-2020-q2-update.win32_2.0.0.202105311346/tools/bin/../lib/gcc/arm-none-eabi/9.3.1/../../../../arm-none-eabi/lib/thumb/v7e-m+fp/hard\libc_nano.a(lib_a-nano-mallocr.o)
                0x000000000800338c                _malloc_r
 .text._realloc_r
                0x0000000008003440       0x4c c:/st/stm32cubeide_1.7.0/stm32cubeide/plugins/com.st.stm32cube.ide.mcu.externaltools.gnu-tools-for-stm32.9-2020-q2-update.win32_2.0.0.202105311346/tools/bin/../lib/gcc/arm-none-eabi/9.3.1/../../../../arm-none-eabi/lib/thumb/v7e-m+fp/hard\libc_nano.a(lib_a-nano-reallocr.o)
                0x0000000008003440                _realloc_r
 .text._sbrk_r  0x000000000800348c       0x20 c:/st/stm32cubeide_1.7.0/stm32cubeide/plugins/com.st.stm32cube.ide.mcu.externaltools.gnu-tools-for-stm32.9-2020-q2-update.win32_2.0.0.202105311346/tools/bin/../lib/gcc/arm-none-eabi/9.3.1/../../../../arm-none-eabi/lib/thumb/v7e-m+fp/hard\libc_nano.a(lib_a-sbrkr.o)
                0x000000000800348c                _sbrk_r
 .text.__malloc_lock
                0x00000000080034ac        0xc c:/st/stm32cubeide_1.7.0/stm32cubeide/plugins/com.st.stm32cube.ide.mcu.externaltools.gnu-tools-for-stm32.9-2020-q2-update.win32_2.0.0.202105311346/tools/bin/../lib/gcc/arm-none-eabi/9.3.1/../../../../arm-none-eabi/lib/thumb/v7e-m+fp/hard\libc_nano.a(lib_a-mlock.o)
                0x00000000080034ac                __malloc_lock
 .text.__malloc_unlock
                0x00000000080034b8        0xc c:/st/stm32cubeide_1.7.0/stm32cubeide/plugins/com.st.stm32cube.ide.mcu.externaltools.gnu-tools-for-stm32.9-2020-q2-update.win32_2.0.0.202105311346/tools/bin/../lib/gcc/arm-none-eabi/9.3.1/../../../../arm-none-eabi/lib/thumb/v7e-m+fp/hard\libc_nano.a(lib_a-mlock.o)
                0x00000000080034b8                __malloc_unlock
 .text._malloc_usable_size_r
                0x00000000080034c4       0x10 c:/st/stm32cubeide_1.7.0/stm32cubeide/plugins/com.st.stm32cube.ide.mcu.externaltools.gnu-tools-for-stm32.9-2020-q2-update.win32_2.0.0.202105311346/tools/bin/../lib/gcc/arm-none-eabi/9.3.1/../../../../arm-none-eabi/lib/thumb/v7e-m+fp/hard\libc_nano.a(lib_a-nano-msizer.o)
                0x00000000080034c4                _malloc_usable_size_r
 .text.__retarget_lock_acquire_recursive
                0x00000000080034d4        0x2 c:/st/stm32cubeide_1.7.0/stm32cubeide/plugins/com.st.stm32cube.ide.mcu.externaltools.gnu-tools-for-stm32.9-2020-q2-update.win32_2.0.0.202105311346/tools/bin/../lib/gcc/arm-none-eabi/9.3.1/../../../../arm-none-eabi/lib/thumb/v7e-m+fp/hard\libc_nano.a(lib_a-lock.o)
                0x00000000080034d4                __retarget_lock_acquire_recursive
 .text.__retarget_lock_release_recursive
                0x00000000080034d6        0x2 c:/st/stm32cubeide_1.7.0/stm32cubeide/plugins/com.st.stm32cube.ide.mcu.externaltools.gnu-tools-for-stm32.9-2020-q2-update.win32_2.0.0.202105311346/tools/bin/../lib/gcc/arm-none-eabi/9.3.1/../../../../arm-none-eabi/lib/thumb/v7e-m+fp/hard\libc_nano.a(lib_a-lock.o)
                0x00000000080034d6                __retarget_lock_release_recursive
 *(.glue_7)
 .glue_7        0x00000000080034d8        0x0 linker stubs
 *(.glue_7t)
 .glue_7t       0x00000000080034d8        0x0 linker stubs
 *(.eh_frame)
 .eh_frame      0x00000000080034d8        0x0 c:/st/stm32cubeide_1.7.0/stm32cubeide/plugins/com.st.stm32cube.ide.mcu.externaltools.gnu-tools-for-stm32.9-2020-q2-update.win32_2.0.0.202105311346/tools/bin/../lib/gcc/arm-none-eabi/9.3.1/thumb/v7e-m+fp/hard/crtbegin.o
 *(.init)
 .init          0x00000000080034d8        0x4 c:/st/stm32cubeide_1.7.0/stm32cubeide/plugins/com.st.stm32cube.ide.mcu.externaltools.gnu-tools-for-stm32.9-2020-q2-update.win32_2.0.0.202105311346/tools/bin/../lib/gcc/arm-none-eabi/9.3.1/thumb/v7e-m+fp/hard/crti.o
                0x00000000080034d8                _init
 .init          0x00000000080034dc        0x8 c:/st/stm32cubeide_1.7.0/stm32cubeide/plugins/com.st.stm32cube.ide.mcu.externaltools.gnu-tools-for-stm32.9-2020-q2-update.win32_2.0.0.202105311346/tools/bin/../lib/gcc/arm-none-eabi/9.3.1/thumb/v7e-m+fp/hard/crtn.o
 *(.fini)
 .fini          0x00000000080034e4        0x4 c:/st/stm32cubeide_1.7.0/stm32cubeide/plugins/com.st.stm32cube.ide.mcu.externaltools.gnu-tools-for-stm32.9-2020-q2-update.win32_2.0.0.202105311346/tools/bin/../lib/gcc/arm-none-eabi/9.3.1/thumb/v7e-m+fp/hard/crti.o
                0x00000000080034e4                _fini
 .fini          0x00000000080034e8        0x8 c:/st/stm32cubeide_1.7.0/stm32cubeide/plugins/com.st.stm32cube.ide.mcu.externaltools.gnu-tools-for-stm32.9-2020-q2-update.win32_2.0.0.202105311346/tools/bin/../lib/gcc/arm-none-eabi/9.3.1/thumb/v7e-m+fp/hard/crtn.o
                0x00000000080034f0                . = ALIGN (0x4)
                0x00000000080034f0                _etext = .

.vfp11_veneer   0x00000000080034f0        0x0
 .vfp11_veneer  0x00000000080034f0        0x0 linker stubs

.v4_bx          0x00000000080034f0        0x0
 .v4_bx         0x00000000080034f0        0x0 linker stubs

.iplt           0x00000000080034f0        0x0
 .iplt          0x00000000080034f0        0x0 c:/st/stm32cubeide_1.7.0/stm32cubeide/plugins/com.st.stm32cube.ide.mcu.externaltools.gnu-tools-for-stm32.9-2020-q2-update.win32_2.0.0.202105311346/tools/bin/../lib/gcc/arm-none-eabi/9.3.1/thumb/v7e-m+fp/hard/crtbegin.o

.rodata         0x00000000080034f0      0xde0
                0x00000000080034f0                . = ALIGN (0x4)
 *(.rodata)
 .rodata        0x00000000080034f0       0x1b ./Core/Src/functions.o
 *fill*         0x000000000800350b        0x1 
 .rodata        0x000000000800350c       0x1a ./Core/Src/main.o
 *(.rodata*)
 *fill*         0x0000000008003526        0x2 
 .rodata.Font11x18
                0x0000000008003528      0xd5c ./Core/Src/fonts.o
                0x0000000008003528                Font11x18
 .rodata.AHBPrescTable
                0x0000000008004284       0x10 ./Core/Src/system_stm32f4xx.o
                0x0000000008004284                AHBPrescTable
 .rodata.APBPrescTable
                0x0000000008004294        0x8 ./Core/Src/system_stm32f4xx.o
                0x0000000008004294                APBPrescTable
 .rodata._svfprintf_r.str1.1
                0x000000000800429c       0x11 c:/st/stm32cubeide_1.7.0/stm32cubeide/plugins/com.st.stm32cube.ide.mcu.externaltools.gnu-tools-for-stm32.9-2020-q2-update.win32_2.0.0.202105311346/tools/bin/../lib/gcc/arm-none-eabi/9.3.1/../../../../arm-none-eabi/lib/thumb/v7e-m+fp/hard\libc_nano.a(lib_a-nano-svfprintf.o)
 .rodata._printf_i.str1.1
                0x00000000080042ad       0x22 c:/st/stm32cubeide_1.7.0/stm32cubeide/plugins/com.st.stm32cube.ide.mcu.externaltools.gnu-tools-for-stm32.9-2020-q2-update.win32_2.0.0.202105311346/tools/bin/../lib/gcc/arm-none-eabi/9.3.1/../../../../arm-none-eabi/lib/thumb/v7e-m+fp/hard\libc_nano.a(lib_a-nano-vfprintf_i.o)
                0x00000000080042d0                . = ALIGN (0x4)
 *fill*         0x00000000080042cf        0x1 

.ARM.extab      0x00000000080042d0        0x0
                0x00000000080042d0                . = ALIGN (0x4)
 *(.ARM.extab* .gnu.linkonce.armextab.*)
                0x00000000080042d0                . = ALIGN (0x4)

.ARM            0x00000000080042d0        0x8
                0x00000000080042d0                . = ALIGN (0x4)
                0x00000000080042d0                __exidx_start = .
 *(.ARM.exidx*)
 .ARM.exidx     0x00000000080042d0        0x8 c:/st/stm32cubeide_1.7.0/stm32cubeide/plugins/com.st.stm32cube.ide.mcu.externaltools.gnu-tools-for-stm32.9-2020-q2-update.win32_2.0.0.202105311346/tools/bin/../lib/gcc/arm-none-eabi/9.3.1/thumb/v7e-m+fp/hard\libgcc.a(_udivmoddi4.o)
                0x00000000080042d8                __exidx_end = .
                0x00000000080042d8                . = ALIGN (0x4)

.rel.dyn        0x00000000080042d8        0x0
 .rel.iplt      0x00000000080042d8        0x0 c:/st/stm32cubeide_1.7.0/stm32cubeide/plugins/com.st.stm32cube.ide.mcu.externaltools.gnu-tools-for-stm32.9-2020-q2-update.win32_2.0.0.202105311346/tools/bin/../lib/gcc/arm-none-eabi/9.3.1/thumb/v7e-m+fp/hard/crtbegin.o

.preinit_array  0x00000000080042d8        0x0
                0x00000000080042d8                . = ALIGN (0x4)
                0x00000000080042d8                PROVIDE (__preinit_array_start = .)
 *(.preinit_array*)
                0x00000000080042d8                PROVIDE (__preinit_array_end = .)
                0x00000000080042d8                . = ALIGN (0x4)

.init_array     0x00000000080042d8        0x4
                0x00000000080042d8                . = ALIGN (0x4)
                0x00000000080042d8                PROVIDE (__init_array_start = .)
 *(SORT_BY_NAME(.init_array.*))
 *(.init_array*)
 .init_array    0x00000000080042d8        0x4 c:/st/stm32cubeide_1.7.0/stm32cubeide/plugins/com.st.stm32cube.ide.mcu.externaltools.gnu-tools-for-stm32.9-2020-q2-update.win32_2.0.0.202105311346/tools/bin/../lib/gcc/arm-none-eabi/9.3.1/thumb/v7e-m+fp/hard/crtbegin.o
                0x00000000080042dc                PROVIDE (__init_array_end = .)
                0x00000000080042dc                . = ALIGN (0x4)

.fini_array     0x00000000080042dc        0x4
                0x00000000080042dc                . = ALIGN (0x4)
                [!provide]                        PROVIDE (__fini_array_start = .)
 *(SORT_BY_NAME(.fini_array.*))
 *(.fini_array*)
 .fini_array    0x00000000080042dc        0x4 c:/st/stm32cubeide_1.7.0/stm32cubeide/plugins/com.st.stm32cube.ide.mcu.externaltools.gnu-tools-for-stm32.9-2020-q2-update.win32_2.0.0.202105311346/tools/bin/../lib/gcc/arm-none-eabi/9.3.1/thumb/v7e-m+fp/hard/crtbegin.o
                [!provide]                        PROVIDE (__fini_array_end = .)
                0x00000000080042e0                . = ALIGN (0x4)
                0x00000000080042e0                _sidata = LOADADDR (.data)

.data           0x0000000020000000       0x78 load address 0x00000000080042e0
                0x0000000020000000                . = ALIGN (0x4)
                0x0000000020000000                _sdata = .
 *(.data)
 *(.data*)
 .data.Font_11x18
                0x0000000020000000        0x8 ./Core/Src/fonts.o
                0x0000000020000000                Font_11x18
 .data.SystemCoreClock
                0x0000000020000008        0x4 ./Core/Src/system_stm32f4xx.o
                0x0000000020000008                SystemCoreClock
 .data.uwTickPrio
                0x000000002000000c        0x4 ./Drivers/STM32F4xx_HAL_Driver/Src/stm32f4xx_hal.o
                0x000000002000000c                uwTickPrio
 .data.uwTickFreq
                0x0000000020000010        0x1 ./Drivers/STM32F4xx_HAL_Driver/Src/stm32f4xx_hal.o
                0x0000000020000010                uwTickFreq
 *fill*         0x0000000020000011        0x3 
 .data._impure_ptr
                0x0000000020000014        0x4 c:/st/stm32cubeide_1.7.0/stm32cubeide/plugins/com.st.stm32cube.ide.mcu.externaltools.gnu-tools-for-stm32.9-2020-q2-update.win32_2.0.0.202105311346/tools/bin/../lib/gcc/arm-none-eabi/9.3.1/../../../../arm-none-eabi/lib/thumb/v7e-m+fp/hard\libc_nano.a(lib_a-impure.o)
                0x0000000020000014                _impure_ptr
 .data.impure_data
                0x0000000020000018       0x60 c:/st/stm32cubeide_1.7.0/stm32cubeide/plugins/com.st.stm32cube.ide.mcu.externaltools.gnu-tools-for-stm32.9-2020-q2-update.win32_2.0.0.202105311346/tools/bin/../lib/gcc/arm-none-eabi/9.3.1/../../../../arm-none-eabi/lib/thumb/v7e-m+fp/hard\libc_nano.a(lib_a-impure.o)
 *(.RamFunc)
 *(.RamFunc*)
                0x0000000020000078                . = ALIGN (0x4)
                0x0000000020000078                _edata = .
                0x0000000008004358                _siccmram = LOADADDR (.ccmram)

.igot.plt       0x0000000020000078        0x0 load address 0x0000000008004358
 .igot.plt      0x0000000020000078        0x0 c:/st/stm32cubeide_1.7.0/stm32cubeide/plugins/com.st.stm32cube.ide.mcu.externaltools.gnu-tools-for-stm32.9-2020-q2-update.win32_2.0.0.202105311346/tools/bin/../lib/gcc/arm-none-eabi/9.3.1/thumb/v7e-m+fp/hard/crtbegin.o

.ccmram         0x0000000010000000        0x0 load address 0x0000000008004358
                0x0000000010000000                . = ALIGN (0x4)
                0x0000000010000000                _sccmram = .
 *(.ccmram)
 *(.ccmram*)
                0x0000000010000000                . = ALIGN (0x4)
                0x0000000010000000                _eccmram = .
                0x0000000010000000                . = ALIGN (0x4)

.bss            0x0000000020000078      0x4f4
                0x0000000020000078                _sbss = .
                0x0000000020000078                __bss_start__ = _sbss
 *(.bss)
 .bss           0x0000000020000078       0x1c c:/st/stm32cubeide_1.7.0/stm32cubeide/plugins/com.st.stm32cube.ide.mcu.externaltools.gnu-tools-for-stm32.9-2020-q2-update.win32_2.0.0.202105311346/tools/bin/../lib/gcc/arm-none-eabi/9.3.1/thumb/v7e-m+fp/hard/crtbegin.o
 *(.bss*)
 .bss.SSD1306_Buffer
                0x0000000020000094      0x400 ./Core/Src/ssd1306.o
 .bss.SSD1306   0x0000000020000494        0x6 ./Core/Src/ssd1306.o
 *fill*         0x000000002000049a        0x2 
 .bss.__sbrk_heap_end
                0x000000002000049c        0x4 ./Core/Src/sysmem.o
 .bss.__malloc_free_list
                0x00000000200004a0        0x4 c:/st/stm32cubeide_1.7.0/stm32cubeide/plugins/com.st.stm32cube.ide.mcu.externaltools.gnu-tools-for-stm32.9-2020-q2-update.win32_2.0.0.202105311346/tools/bin/../lib/gcc/arm-none-eabi/9.3.1/../../../../arm-none-eabi/lib/thumb/v7e-m+fp/hard\libc_nano.a(lib_a-nano-mallocr.o)
                0x00000000200004a0                __malloc_free_list
 .bss.__malloc_sbrk_start
                0x00000000200004a4        0x4 c:/st/stm32cubeide_1.7.0/stm32cubeide/plugins/com.st.stm32cube.ide.mcu.externaltools.gnu-tools-for-stm32.9-2020-q2-update.win32_2.0.0.202105311346/tools/bin/../lib/gcc/arm-none-eabi/9.3.1/../../../../arm-none-eabi/lib/thumb/v7e-m+fp/hard\libc_nano.a(lib_a-nano-mallocr.o)
                0x00000000200004a4                __malloc_sbrk_start
 *(COMMON)
 COMMON         0x00000000200004a8        0x8 ./Core/Src/functions.o
                0x00000000200004a8                c
                0x00000000200004ac                readValue
 COMMON         0x00000000200004b0       0x60 ./Core/Src/main.o
                0x00000000200004b0                b
                0x00000000200004b4                n
                0x00000000200004b8                hi2c1
                0x000000002000050c                res
 COMMON         0x0000000020000510       0x48 ./Core/Src/stm32f4xx_hal_timebase_tim.o
                0x0000000020000510                htim1
 COMMON         0x0000000020000558        0x4 ./Drivers/STM32F4xx_HAL_Driver/Src/stm32f4xx_hal.o
                0x0000000020000558                uwTick
 COMMON         0x000000002000055c        0x4 c:/st/stm32cubeide_1.7.0/stm32cubeide/plugins/com.st.stm32cube.ide.mcu.externaltools.gnu-tools-for-stm32.9-2020-q2-update.win32_2.0.0.202105311346/tools/bin/../lib/gcc/arm-none-eabi/9.3.1/../../../../arm-none-eabi/lib/thumb/v7e-m+fp/hard\libc_nano.a(lib_a-reent.o)
                0x000000002000055c                errno
 COMMON         0x0000000020000560        0x9 c:/st/stm32cubeide_1.7.0/stm32cubeide/plugins/com.st.stm32cube.ide.mcu.externaltools.gnu-tools-for-stm32.9-2020-q2-update.win32_2.0.0.202105311346/tools/bin/../lib/gcc/arm-none-eabi/9.3.1/../../../../arm-none-eabi/lib/thumb/v7e-m+fp/hard\libc_nano.a(lib_a-lock.o)
                0x0000000020000560                __lock___atexit_recursive_mutex
                0x0000000020000561                __lock___arc4random_mutex
                0x0000000020000562                __lock___env_recursive_mutex
                0x0000000020000563                __lock___sinit_recursive_mutex
                0x0000000020000564                __lock___malloc_recursive_mutex
                0x0000000020000565                __lock___at_quick_exit_mutex
                0x0000000020000566                __lock___dd_hash_mutex
                0x0000000020000567                __lock___tz_mutex
                0x0000000020000568                __lock___sfp_recursive_mutex
                0x000000002000056c                . = ALIGN (0x4)
 *fill*         0x0000000020000569        0x3 
                0x000000002000056c                _ebss = .
                0x000000002000056c                __bss_end__ = _ebss

._user_heap_stack
                0x000000002000056c      0x604
                0x0000000020000570                . = ALIGN (0x8)
 *fill*         0x000000002000056c        0x4 
                [!provide]                        PROVIDE (end = .)
                0x0000000020000570                PROVIDE (_end = .)
                0x0000000020000770                . = (. + _Min_Heap_Size)
 *fill*         0x0000000020000570      0x200 
                0x0000000020000b70                . = (. + _Min_Stack_Size)
 *fill*         0x0000000020000770      0x400 
                0x0000000020000b70                . = ALIGN (0x8)

/DISCARD/
 libc.a(*)
 libm.a(*)
 libgcc.a(*)

.ARM.attributes
                0x0000000000000000       0x30
 *(.ARM.attributes)
 .ARM.attributes
                0x0000000000000000       0x1e c:/st/stm32cubeide_1.7.0/stm32cubeide/plugins/com.st.stm32cube.ide.mcu.externaltools.gnu-tools-for-stm32.9-2020-q2-update.win32_2.0.0.202105311346/tools/bin/../lib/gcc/arm-none-eabi/9.3.1/thumb/v7e-m+fp/hard/crti.o
 .ARM.attributes
                0x000000000000001e       0x34 c:/st/stm32cubeide_1.7.0/stm32cubeide/plugins/com.st.stm32cube.ide.mcu.externaltools.gnu-tools-for-stm32.9-2020-q2-update.win32_2.0.0.202105311346/tools/bin/../lib/gcc/arm-none-eabi/9.3.1/thumb/v7e-m+fp/hard/crtbegin.o
 .ARM.attributes
                0x0000000000000052       0x34 ./Core/Src/adc.o
 .ARM.attributes
                0x0000000000000086       0x34 ./Core/Src/fonts.o
 .ARM.attributes
                0x00000000000000ba       0x34 ./Core/Src/functions.o
 .ARM.attributes
                0x00000000000000ee       0x34 ./Core/Src/i2c.o
 .ARM.attributes
                0x0000000000000122       0x34 ./Core/Src/main.o
 .ARM.attributes
                0x0000000000000156       0x34 ./Core/Src/ssd1306.o
 .ARM.attributes
                0x000000000000018a       0x34 ./Core/Src/stm32f4xx_hal_msp.o
 .ARM.attributes
                0x00000000000001be       0x34 ./Core/Src/stm32f4xx_hal_timebase_tim.o
 .ARM.attributes
                0x00000000000001f2       0x34 ./Core/Src/stm32f4xx_it.o
 .ARM.attributes
                0x0000000000000226       0x34 ./Core/Src/sysmem.o
 .ARM.attributes
                0x000000000000025a       0x34 ./Core/Src/system_stm32f4xx.o
 .ARM.attributes
                0x000000000000028e       0x21 ./Core/Startup/startup_stm32f429zitx.o
 .ARM.attributes
                0x00000000000002af       0x34 ./Drivers/STM32F4xx_HAL_Driver/Src/stm32f4xx_hal.o
 .ARM.attributes
                0x00000000000002e3       0x34 ./Drivers/STM32F4xx_HAL_Driver/Src/stm32f4xx_hal_cortex.o
 .ARM.attributes
                0x0000000000000317       0x34 ./Drivers/STM32F4xx_HAL_Driver/Src/stm32f4xx_hal_gpio.o
 .ARM.attributes
                0x000000000000034b       0x34 ./Drivers/STM32F4xx_HAL_Driver/Src/stm32f4xx_hal_i2c.o
 .ARM.attributes
                0x000000000000037f       0x34 ./Drivers/STM32F4xx_HAL_Driver/Src/stm32f4xx_hal_i2c_ex.o
 .ARM.attributes
                0x00000000000003b3       0x34 ./Drivers/STM32F4xx_HAL_Driver/Src/stm32f4xx_hal_rcc.o
 .ARM.attributes
                0x00000000000003e7       0x34 ./Drivers/STM32F4xx_HAL_Driver/Src/stm32f4xx_hal_tim.o
 .ARM.attributes
                0x000000000000041b       0x34 ./Drivers/STM32F4xx_HAL_Driver/Src/stm32f4xx_hal_tim_ex.o
 .ARM.attributes
                0x000000000000044f       0x34 c:/st/stm32cubeide_1.7.0/stm32cubeide/plugins/com.st.stm32cube.ide.mcu.externaltools.gnu-tools-for-stm32.9-2020-q2-update.win32_2.0.0.202105311346/tools/bin/../lib/gcc/arm-none-eabi/9.3.1/../../../../arm-none-eabi/lib/thumb/v7e-m+fp/hard\libc_nano.a(lib_a-errno.o)
 .ARM.attributes
                0x0000000000000483       0x32 c:/st/stm32cubeide_1.7.0/stm32cubeide/plugins/com.st.stm32cube.ide.mcu.externaltools.gnu-tools-for-stm32.9-2020-q2-update.win32_2.0.0.202105311346/tools/bin/../lib/gcc/arm-none-eabi/9.3.1/../../../../arm-none-eabi/lib/thumb/v7e-m+fp/hard\libc_nano.a(lib_a-impure.o)
 .ARM.attributes
                0x00000000000004b5       0x34 c:/st/stm32cubeide_1.7.0/stm32cubeide/plugins/com.st.stm32cube.ide.mcu.externaltools.gnu-tools-for-stm32.9-2020-q2-update.win32_2.0.0.202105311346/tools/bin/../lib/gcc/arm-none-eabi/9.3.1/../../../../arm-none-eabi/lib/thumb/v7e-m+fp/hard\libc_nano.a(lib_a-init.o)
 .ARM.attributes
                0x00000000000004e9       0x34 c:/st/stm32cubeide_1.7.0/stm32cubeide/plugins/com.st.stm32cube.ide.mcu.externaltools.gnu-tools-for-stm32.9-2020-q2-update.win32_2.0.0.202105311346/tools/bin/../lib/gcc/arm-none-eabi/9.3.1/../../../../arm-none-eabi/lib/thumb/v7e-m+fp/hard\libc_nano.a(lib_a-memset.o)
 .ARM.attributes
                0x000000000000051d       0x34 c:/st/stm32cubeide_1.7.0/stm32cubeide/plugins/com.st.stm32cube.ide.mcu.externaltools.gnu-tools-for-stm32.9-2020-q2-update.win32_2.0.0.202105311346/tools/bin/../lib/gcc/arm-none-eabi/9.3.1/../../../../arm-none-eabi/lib/thumb/v7e-m+fp/hard\libc_nano.a(lib_a-sprintf.o)
 .ARM.attributes
                0x0000000000000551       0x34 c:/st/stm32cubeide_1.7.0/stm32cubeide/plugins/com.st.stm32cube.ide.mcu.externaltools.gnu-tools-for-stm32.9-2020-q2-update.win32_2.0.0.202105311346/tools/bin/../lib/gcc/arm-none-eabi/9.3.1/../../../../arm-none-eabi/lib/thumb/v7e-m+fp/hard\libc_nano.a(lib_a-nano-svfprintf.o)
 .ARM.attributes
                0x0000000000000585       0x34 c:/st/stm32cubeide_1.7.0/stm32cubeide/plugins/com.st.stm32cube.ide.mcu.externaltools.gnu-tools-for-stm32.9-2020-q2-update.win32_2.0.0.202105311346/tools/bin/../lib/gcc/arm-none-eabi/9.3.1/../../../../arm-none-eabi/lib/thumb/v7e-m+fp/hard\libc_nano.a(lib_a-nano-vfprintf_i.o)
 .ARM.attributes
                0x00000000000005b9       0x1c c:/st/stm32cubeide_1.7.0/stm32cubeide/plugins/com.st.stm32cube.ide.mcu.externaltools.gnu-tools-for-stm32.9-2020-q2-update.win32_2.0.0.202105311346/tools/bin/../lib/gcc/arm-none-eabi/9.3.1/../../../../arm-none-eabi/lib/thumb/v7e-m+fp/hard\libc_nano.a(lib_a-memchr.o)
 .ARM.attributes
                0x00000000000005d5       0x34 c:/st/stm32cubeide_1.7.0/stm32cubeide/plugins/com.st.stm32cube.ide.mcu.externaltools.gnu-tools-for-stm32.9-2020-q2-update.win32_2.0.0.202105311346/tools/bin/../lib/gcc/arm-none-eabi/9.3.1/../../../../arm-none-eabi/lib/thumb/v7e-m+fp/hard\libc_nano.a(lib_a-memcpy-stub.o)
 .ARM.attributes
                0x0000000000000609       0x34 c:/st/stm32cubeide_1.7.0/stm32cubeide/plugins/com.st.stm32cube.ide.mcu.externaltools.gnu-tools-for-stm32.9-2020-q2-update.win32_2.0.0.202105311346/tools/bin/../lib/gcc/arm-none-eabi/9.3.1/../../../../arm-none-eabi/lib/thumb/v7e-m+fp/hard\libc_nano.a(lib_a-memmove.o)
 .ARM.attributes
                0x000000000000063d       0x34 c:/st/stm32cubeide_1.7.0/stm32cubeide/plugins/com.st.stm32cube.ide.mcu.externaltools.gnu-tools-for-stm32.9-2020-q2-update.win32_2.0.0.202105311346/tools/bin/../lib/gcc/arm-none-eabi/9.3.1/../../../../arm-none-eabi/lib/thumb/v7e-m+fp/hard\libc_nano.a(lib_a-nano-freer.o)
 .ARM.attributes
                0x0000000000000671       0x34 c:/st/stm32cubeide_1.7.0/stm32cubeide/plugins/com.st.stm32cube.ide.mcu.externaltools.gnu-tools-for-stm32.9-2020-q2-update.win32_2.0.0.202105311346/tools/bin/../lib/gcc/arm-none-eabi/9.3.1/../../../../arm-none-eabi/lib/thumb/v7e-m+fp/hard\libc_nano.a(lib_a-nano-mallocr.o)
 .ARM.attributes
                0x00000000000006a5       0x34 c:/st/stm32cubeide_1.7.0/stm32cubeide/plugins/com.st.stm32cube.ide.mcu.externaltools.gnu-tools-for-stm32.9-2020-q2-update.win32_2.0.0.202105311346/tools/bin/../lib/gcc/arm-none-eabi/9.3.1/../../../../arm-none-eabi/lib/thumb/v7e-m+fp/hard\libc_nano.a(lib_a-nano-reallocr.o)
 .ARM.attributes
                0x00000000000006d9       0x34 c:/st/stm32cubeide_1.7.0/stm32cubeide/plugins/com.st.stm32cube.ide.mcu.externaltools.gnu-tools-for-stm32.9-2020-q2-update.win32_2.0.0.202105311346/tools/bin/../lib/gcc/arm-none-eabi/9.3.1/../../../../arm-none-eabi/lib/thumb/v7e-m+fp/hard\libc_nano.a(lib_a-sbrkr.o)
 .ARM.attributes
                0x000000000000070d       0x34 c:/st/stm32cubeide_1.7.0/stm32cubeide/plugins/com.st.stm32cube.ide.mcu.externaltools.gnu-tools-for-stm32.9-2020-q2-update.win32_2.0.0.202105311346/tools/bin/../lib/gcc/arm-none-eabi/9.3.1/../../../../arm-none-eabi/lib/thumb/v7e-m+fp/hard\libc_nano.a(lib_a-mlock.o)
 .ARM.attributes
                0x0000000000000741       0x34 c:/st/stm32cubeide_1.7.0/stm32cubeide/plugins/com.st.stm32cube.ide.mcu.externaltools.gnu-tools-for-stm32.9-2020-q2-update.win32_2.0.0.202105311346/tools/bin/../lib/gcc/arm-none-eabi/9.3.1/../../../../arm-none-eabi/lib/thumb/v7e-m+fp/hard\libc_nano.a(lib_a-nano-msizer.o)
 .ARM.attributes
                0x0000000000000775       0x34 c:/st/stm32cubeide_1.7.0/stm32cubeide/plugins/com.st.stm32cube.ide.mcu.externaltools.gnu-tools-for-stm32.9-2020-q2-update.win32_2.0.0.202105311346/tools/bin/../lib/gcc/arm-none-eabi/9.3.1/../../../../arm-none-eabi/lib/thumb/v7e-m+fp/hard\libc_nano.a(lib_a-reent.o)
 .ARM.attributes
                0x00000000000007a9       0x34 c:/st/stm32cubeide_1.7.0/stm32cubeide/plugins/com.st.stm32cube.ide.mcu.externaltools.gnu-tools-for-stm32.9-2020-q2-update.win32_2.0.0.202105311346/tools/bin/../lib/gcc/arm-none-eabi/9.3.1/../../../../arm-none-eabi/lib/thumb/v7e-m+fp/hard\libc_nano.a(lib_a-lock.o)
 .ARM.attributes
                0x00000000000007dd       0x1e c:/st/stm32cubeide_1.7.0/stm32cubeide/plugins/com.st.stm32cube.ide.mcu.externaltools.gnu-tools-for-stm32.9-2020-q2-update.win32_2.0.0.202105311346/tools/bin/../lib/gcc/arm-none-eabi/9.3.1/thumb/v7e-m+fp/hard\libgcc.a(_aeabi_uldivmod.o)
 .ARM.attributes
                0x00000000000007fb       0x34 c:/st/stm32cubeide_1.7.0/stm32cubeide/plugins/com.st.stm32cube.ide.mcu.externaltools.gnu-tools-for-stm32.9-2020-q2-update.win32_2.0.0.202105311346/tools/bin/../lib/gcc/arm-none-eabi/9.3.1/thumb/v7e-m+fp/hard\libgcc.a(_udivmoddi4.o)
 .ARM.attributes
                0x000000000000082f       0x1e c:/st/stm32cubeide_1.7.0/stm32cubeide/plugins/com.st.stm32cube.ide.mcu.externaltools.gnu-tools-for-stm32.9-2020-q2-update.win32_2.0.0.202105311346/tools/bin/../lib/gcc/arm-none-eabi/9.3.1/thumb/v7e-m+fp/hard\libgcc.a(_dvmd_tls.o)
 .ARM.attributes
                0x000000000000084d       0x1e c:/st/stm32cubeide_1.7.0/stm32cubeide/plugins/com.st.stm32cube.ide.mcu.externaltools.gnu-tools-for-stm32.9-2020-q2-update.win32_2.0.0.202105311346/tools/bin/../lib/gcc/arm-none-eabi/9.3.1/thumb/v7e-m+fp/hard/crtn.o
OUTPUT(SSD1306_OK.elf elf32-littlearm)
LOAD linker stubs
LOAD c:/st/stm32cubeide_1.7.0/stm32cubeide/plugins/com.st.stm32cube.ide.mcu.externaltools.gnu-tools-for-stm32.9-2020-q2-update.win32_2.0.0.202105311346/tools/bin/../lib/gcc/arm-none-eabi/9.3.1/../../../../arm-none-eabi/lib/thumb/v7e-m+fp/hard\libc.a
LOAD c:/st/stm32cubeide_1.7.0/stm32cubeide/plugins/com.st.stm32cube.ide.mcu.externaltools.gnu-tools-for-stm32.9-2020-q2-update.win32_2.0.0.202105311346/tools/bin/../lib/gcc/arm-none-eabi/9.3.1/../../../../arm-none-eabi/lib/thumb/v7e-m+fp/hard\libm.a
LOAD c:/st/stm32cubeide_1.7.0/stm32cubeide/plugins/com.st.stm32cube.ide.mcu.externaltools.gnu-tools-for-stm32.9-2020-q2-update.win32_2.0.0.202105311346/tools/bin/../lib/gcc/arm-none-eabi/9.3.1/thumb/v7e-m+fp/hard\libgcc.a

.debug_info     0x0000000000000000    0x12dd6
 .debug_info    0x0000000000000000      0xe06 ./Core/Src/adc.o
 .debug_info    0x0000000000000e06      0xbd3 ./Core/Src/fonts.o
 .debug_info    0x00000000000019d9      0xb2a ./Core/Src/functions.o
 .debug_info    0x0000000000002503     0x10c2 ./Core/Src/i2c.o
 .debug_info    0x00000000000035c5     0x18b2 ./Core/Src/main.o
 .debug_info    0x0000000000004e77     0x1510 ./Core/Src/ssd1306.o
 .debug_info    0x0000000000006387      0xa9d ./Core/Src/stm32f4xx_hal_msp.o
 .debug_info    0x0000000000006e24      0xcbe ./Core/Src/stm32f4xx_hal_timebase_tim.o
 .debug_info    0x0000000000007ae2      0x801 ./Core/Src/stm32f4xx_it.o
 .debug_info    0x00000000000082e3      0xa25 ./Core/Src/sysmem.o
 .debug_info    0x0000000000008d08      0x5c0 ./Core/Src/system_stm32f4xx.o
 .debug_info    0x00000000000092c8       0x22 ./Core/Startup/startup_stm32f429zitx.o
 .debug_info    0x00000000000092ea      0xa2a ./Drivers/STM32F4xx_HAL_Driver/Src/stm32f4xx_hal.o
 .debug_info    0x0000000000009d14      0xf0d ./Drivers/STM32F4xx_HAL_Driver/Src/stm32f4xx_hal_cortex.o
 .debug_info    0x000000000000ac21      0x85a ./Drivers/STM32F4xx_HAL_Driver/Src/stm32f4xx_hal_gpio.o
 .debug_info    0x000000000000b47b     0x265b ./Drivers/STM32F4xx_HAL_Driver/Src/stm32f4xx_hal_i2c.o
 .debug_info    0x000000000000dad6      0x78a ./Drivers/STM32F4xx_HAL_Driver/Src/stm32f4xx_hal_i2c_ex.o
 .debug_info    0x000000000000e260      0x9b2 ./Drivers/STM32F4xx_HAL_Driver/Src/stm32f4xx_hal_rcc.o
 .debug_info    0x000000000000ec12     0x2c22 ./Drivers/STM32F4xx_HAL_Driver/Src/stm32f4xx_hal_tim.o
 .debug_info    0x0000000000011834     0x15a2 ./Drivers/STM32F4xx_HAL_Driver/Src/stm32f4xx_hal_tim_ex.o

.debug_abbrev   0x0000000000000000     0x2954
 .debug_abbrev  0x0000000000000000      0x1e2 ./Core/Src/adc.o
 .debug_abbrev  0x00000000000001e2      0x208 ./Core/Src/fonts.o
 .debug_abbrev  0x00000000000003ea      0x206 ./Core/Src/functions.o
 .debug_abbrev  0x00000000000005f0      0x2d2 ./Core/Src/i2c.o
 .debug_abbrev  0x00000000000008c2      0x2f0 ./Core/Src/main.o
 .debug_abbrev  0x0000000000000bb2      0x34b ./Core/Src/ssd1306.o
 .debug_abbrev  0x0000000000000efd      0x1ac ./Core/Src/stm32f4xx_hal_msp.o
 .debug_abbrev  0x00000000000010a9      0x1bf ./Core/Src/stm32f4xx_hal_timebase_tim.o
 .debug_abbrev  0x0000000000001268      0x176 ./Core/Src/stm32f4xx_it.o
 .debug_abbrev  0x00000000000013de      0x1bf ./Core/Src/sysmem.o
 .debug_abbrev  0x000000000000159d      0x145 ./Core/Src/system_stm32f4xx.o
 .debug_abbrev  0x00000000000016e2       0x12 ./Core/Startup/startup_stm32f429zitx.o
 .debug_abbrev  0x00000000000016f4      0x1ed ./Drivers/STM32F4xx_HAL_Driver/Src/stm32f4xx_hal.o
 .debug_abbrev  0x00000000000018e1      0x33c ./Drivers/STM32F4xx_HAL_Driver/Src/stm32f4xx_hal_cortex.o
 .debug_abbrev  0x0000000000001c1d      0x1f1 ./Drivers/STM32F4xx_HAL_Driver/Src/stm32f4xx_hal_gpio.o
 .debug_abbrev  0x0000000000001e0e      0x282 ./Drivers/STM32F4xx_HAL_Driver/Src/stm32f4xx_hal_i2c.o
 .debug_abbrev  0x0000000000002090      0x18b ./Drivers/STM32F4xx_HAL_Driver/Src/stm32f4xx_hal_i2c_ex.o
 .debug_abbrev  0x000000000000221b      0x275 ./Drivers/STM32F4xx_HAL_Driver/Src/stm32f4xx_hal_rcc.o
 .debug_abbrev  0x0000000000002490      0x25e ./Drivers/STM32F4xx_HAL_Driver/Src/stm32f4xx_hal_tim.o
 .debug_abbrev  0x00000000000026ee      0x266 ./Drivers/STM32F4xx_HAL_Driver/Src/stm32f4xx_hal_tim_ex.o

.debug_aranges  0x0000000000000000      0xe68
 .debug_aranges
                0x0000000000000000       0x30 ./Core/Src/adc.o
 .debug_aranges
                0x0000000000000030       0x20 ./Core/Src/fonts.o
 .debug_aranges
                0x0000000000000050       0x20 ./Core/Src/functions.o
 .debug_aranges
                0x0000000000000070       0x88 ./Core/Src/i2c.o
 .debug_aranges
                0x00000000000000f8       0x48 ./Core/Src/main.o
 .debug_aranges
                0x0000000000000140       0xf8 ./Core/Src/ssd1306.o
 .debug_aranges
                0x0000000000000238       0x30 ./Core/Src/stm32f4xx_hal_msp.o
 .debug_aranges
                0x0000000000000268       0x30 ./Core/Src/stm32f4xx_hal_timebase_tim.o
 .debug_aranges
                0x0000000000000298       0x68 ./Core/Src/stm32f4xx_it.o
 .debug_aranges
                0x0000000000000300       0x20 ./Core/Src/sysmem.o
 .debug_aranges
                0x0000000000000320       0x28 ./Core/Src/system_stm32f4xx.o
 .debug_aranges
                0x0000000000000348       0x28 ./Core/Startup/startup_stm32f429zitx.o
 .debug_aranges
                0x0000000000000370      0x100 ./Drivers/STM32F4xx_HAL_Driver/Src/stm32f4xx_hal.o
 .debug_aranges
                0x0000000000000470      0x118 ./Drivers/STM32F4xx_HAL_Driver/Src/stm32f4xx_hal_cortex.o
 .debug_aranges
                0x0000000000000588       0x58 ./Drivers/STM32F4xx_HAL_Driver/Src/stm32f4xx_hal_gpio.o
 .debug_aranges
                0x00000000000005e0      0x2a0 ./Drivers/STM32F4xx_HAL_Driver/Src/stm32f4xx_hal_i2c.o
 .debug_aranges
                0x0000000000000880       0x28 ./Drivers/STM32F4xx_HAL_Driver/Src/stm32f4xx_hal_i2c_ex.o
 .debug_aranges
                0x00000000000008a8       0x88 ./Drivers/STM32F4xx_HAL_Driver/Src/stm32f4xx_hal_rcc.o
 .debug_aranges
                0x0000000000000930      0x3d0 ./Drivers/STM32F4xx_HAL_Driver/Src/stm32f4xx_hal_tim.o
 .debug_aranges
                0x0000000000000d00      0x168 ./Drivers/STM32F4xx_HAL_Driver/Src/stm32f4xx_hal_tim_ex.o

.debug_ranges   0x0000000000000000      0xd58
 .debug_ranges  0x0000000000000000       0x20 ./Core/Src/adc.o
 .debug_ranges  0x0000000000000020       0x10 ./Core/Src/fonts.o
 .debug_ranges  0x0000000000000030       0x10 ./Core/Src/functions.o
 .debug_ranges  0x0000000000000040       0x78 ./Core/Src/i2c.o
 .debug_ranges  0x00000000000000b8       0x38 ./Core/Src/main.o
 .debug_ranges  0x00000000000000f0       0xe8 ./Core/Src/ssd1306.o
 .debug_ranges  0x00000000000001d8       0x20 ./Core/Src/stm32f4xx_hal_msp.o
 .debug_ranges  0x00000000000001f8       0x20 ./Core/Src/stm32f4xx_hal_timebase_tim.o
 .debug_ranges  0x0000000000000218       0x58 ./Core/Src/stm32f4xx_it.o
 .debug_ranges  0x0000000000000270       0x10 ./Core/Src/sysmem.o
 .debug_ranges  0x0000000000000280       0x18 ./Core/Src/system_stm32f4xx.o
 .debug_ranges  0x0000000000000298       0x20 ./Core/Startup/startup_stm32f429zitx.o
 .debug_ranges  0x00000000000002b8       0xf0 ./Drivers/STM32F4xx_HAL_Driver/Src/stm32f4xx_hal.o
 .debug_ranges  0x00000000000003a8      0x108 ./Drivers/STM32F4xx_HAL_Driver/Src/stm32f4xx_hal_cortex.o
 .debug_ranges  0x00000000000004b0       0x48 ./Drivers/STM32F4xx_HAL_Driver/Src/stm32f4xx_hal_gpio.o
 .debug_ranges  0x00000000000004f8      0x2b8 ./Drivers/STM32F4xx_HAL_Driver/Src/stm32f4xx_hal_i2c.o
 .debug_ranges  0x00000000000007b0       0x18 ./Drivers/STM32F4xx_HAL_Driver/Src/stm32f4xx_hal_i2c_ex.o
 .debug_ranges  0x00000000000007c8       0x78 ./Drivers/STM32F4xx_HAL_Driver/Src/stm32f4xx_hal_rcc.o
 .debug_ranges  0x0000000000000840      0x3c0 ./Drivers/STM32F4xx_HAL_Driver/Src/stm32f4xx_hal_tim.o
 .debug_ranges  0x0000000000000c00      0x158 ./Drivers/STM32F4xx_HAL_Driver/Src/stm32f4xx_hal_tim_ex.o

.debug_macro    0x0000000000000000    0x253a2
 .debug_macro   0x0000000000000000      0x35e ./Core/Src/adc.o
 .debug_macro   0x000000000000035e      0xaa8 ./Core/Src/adc.o
 .debug_macro   0x0000000000000e06       0x2e ./Core/Src/adc.o
 .debug_macro   0x0000000000000e34       0x28 ./Core/Src/adc.o
 .debug_macro   0x0000000000000e5c       0x22 ./Core/Src/adc.o
 .debug_macro   0x0000000000000e7e       0x8e ./Core/Src/adc.o
 .debug_macro   0x0000000000000f0c       0x51 ./Core/Src/adc.o
 .debug_macro   0x0000000000000f5d      0x103 ./Core/Src/adc.o
 .debug_macro   0x0000000000001060       0x6a ./Core/Src/adc.o
 .debug_macro   0x00000000000010ca      0x1df ./Core/Src/adc.o
 .debug_macro   0x00000000000012a9       0x1c ./Core/Src/adc.o
 .debug_macro   0x00000000000012c5       0x22 ./Core/Src/adc.o
 .debug_macro   0x00000000000012e7       0xdf ./Core/Src/adc.o
 .debug_macro   0x00000000000013c6     0x102d ./Core/Src/adc.o
 .debug_macro   0x00000000000023f3      0x11f ./Core/Src/adc.o
 .debug_macro   0x0000000000002512    0x17f91 ./Core/Src/adc.o
 .debug_macro   0x000000000001a4a3       0x6d ./Core/Src/adc.o
 .debug_macro   0x000000000001a510      0x29b ./Core/Src/adc.o
 .debug_macro   0x000000000001a7ab     0x36dd ./Core/Src/adc.o
 .debug_macro   0x000000000001de88      0x174 ./Core/Src/adc.o
 .debug_macro   0x000000000001dffc       0x5c ./Core/Src/adc.o
 .debug_macro   0x000000000001e058      0xca5 ./Core/Src/adc.o
 .debug_macro   0x000000000001ecfd      0x9fe ./Core/Src/adc.o
 .debug_macro   0x000000000001f6fb      0x116 ./Core/Src/adc.o
 .debug_macro   0x000000000001f811      0x157 ./Core/Src/adc.o
 .debug_macro   0x000000000001f968       0xa5 ./Core/Src/adc.o
 .debug_macro   0x000000000001fa0d      0x182 ./Core/Src/adc.o
 .debug_macro   0x000000000001fb8f      0x287 ./Core/Src/adc.o
 .debug_macro   0x000000000001fe16       0x5f ./Core/Src/adc.o
 .debug_macro   0x000000000001fe75      0x236 ./Core/Src/adc.o
 .debug_macro   0x00000000000200ab      0x132 ./Core/Src/adc.o
 .debug_macro   0x00000000000201dd      0x41d ./Core/Src/adc.o
 .debug_macro   0x00000000000205fa       0x2e ./Core/Src/adc.o
 .debug_macro   0x0000000000020628      0x1b5 ./Core/Src/adc.o
 .debug_macro   0x00000000000207dd       0x22 ./Core/Src/adc.o
 .debug_macro   0x00000000000207ff       0xd6 ./Core/Src/adc.o
 .debug_macro   0x00000000000208d5      0x11a ./Core/Src/adc.o
 .debug_macro   0x00000000000209ef       0xe2 ./Core/Src/adc.o
 .debug_macro   0x0000000000020ad1       0x89 ./Core/Src/adc.o
 .debug_macro   0x0000000000020b5a      0x8d1 ./Core/Src/adc.o
 .debug_macro   0x000000000002142b       0x47 ./Core/Src/adc.o
 .debug_macro   0x0000000000021472      0x134 ./Core/Src/adc.o
 .debug_macro   0x00000000000215a6       0x52 ./Core/Src/adc.o
 .debug_macro   0x00000000000215f8       0x18 ./Core/Src/adc.o
 .debug_macro   0x0000000000021610       0x3c ./Core/Src/adc.o
 .debug_macro   0x000000000002164c       0x34 ./Core/Src/adc.o
 .debug_macro   0x0000000000021680       0x16 ./Core/Src/adc.o
 .debug_macro   0x0000000000021696       0x35 ./Core/Src/adc.o
 .debug_macro   0x00000000000216cb      0x333 ./Core/Src/adc.o
 .debug_macro   0x00000000000219fe       0x10 ./Core/Src/adc.o
 .debug_macro   0x0000000000021a0e       0x16 ./Core/Src/adc.o
 .debug_macro   0x0000000000021a24       0x43 ./Core/Src/adc.o
 .debug_macro   0x0000000000021a67       0x34 ./Core/Src/adc.o
 .debug_macro   0x0000000000021a9b       0x10 ./Core/Src/adc.o
 .debug_macro   0x0000000000021aab       0x58 ./Core/Src/adc.o
 .debug_macro   0x0000000000021b03       0x71 ./Core/Src/adc.o
 .debug_macro   0x0000000000021b74       0x1c ./Core/Src/adc.o
 .debug_macro   0x0000000000021b90      0x12a ./Core/Src/adc.o
 .debug_macro   0x0000000000021cba       0x10 ./Core/Src/adc.o
 .debug_macro   0x0000000000021cca       0x1c ./Core/Src/adc.o
 .debug_macro   0x0000000000021ce6       0x52 ./Core/Src/adc.o
 .debug_macro   0x0000000000021d38       0x22 ./Core/Src/adc.o
 .debug_macro   0x0000000000021d5a       0x10 ./Core/Src/adc.o
 .debug_macro   0x0000000000021d6a       0x40 ./Core/Src/adc.o
 .debug_macro   0x0000000000021daa       0xd5 ./Core/Src/adc.o
 .debug_macro   0x0000000000021e7f       0x1c ./Core/Src/adc.o
 .debug_macro   0x0000000000021e9b       0x3d ./Core/Src/adc.o
 .debug_macro   0x0000000000021ed8       0x16 ./Core/Src/adc.o
 .debug_macro   0x0000000000021eee      0x145 ./Core/Src/adc.o
 .debug_macro   0x0000000000022033      0x2b5 ./Core/Src/fonts.o
 .debug_macro   0x00000000000222e8      0x3c3 ./Core/Src/functions.o
 .debug_macro   0x00000000000226ab       0x1c ./Core/Src/functions.o
 .debug_macro   0x00000000000226c7      0x340 ./Core/Src/i2c.o
 .debug_macro   0x0000000000022a07       0x4c ./Core/Src/i2c.o
 .debug_macro   0x0000000000022a53       0x94 ./Core/Src/i2c.o
 .debug_macro   0x0000000000022ae7       0x57 ./Core/Src/i2c.o
 .debug_macro   0x0000000000022b3e       0x97 ./Core/Src/i2c.o
 .debug_macro   0x0000000000022bd5      0x339 ./Core/Src/i2c.o
 .debug_macro   0x0000000000022f0e       0xfd ./Core/Src/i2c.o
 .debug_macro   0x000000000002300b       0xd9 ./Core/Src/i2c.o
 .debug_macro   0x00000000000230e4       0x56 ./Core/Src/i2c.o
 .debug_macro   0x000000000002313a      0x3d7 ./Core/Src/main.o
 .debug_macro   0x0000000000023511      0x40b ./Core/Src/ssd1306.o
 .debug_macro   0x000000000002391c      0x1e7 ./Core/Src/stm32f4xx_hal_msp.o
 .debug_macro   0x0000000000023b03      0x1dd ./Core/Src/stm32f4xx_hal_timebase_tim.o
 .debug_macro   0x0000000000023ce0      0x1f1 ./Core/Src/stm32f4xx_it.o
 .debug_macro   0x0000000000023ed1       0xff ./Core/Src/sysmem.o
 .debug_macro   0x0000000000023fd0      0x23b ./Core/Src/sysmem.o
 .debug_macro   0x000000000002420b      0x1dd ./Core/Src/system_stm32f4xx.o
 .debug_macro   0x00000000000243e8      0x23d ./Drivers/STM32F4xx_HAL_Driver/Src/stm32f4xx_hal.o
 .debug_macro   0x0000000000024625      0x1dd ./Drivers/STM32F4xx_HAL_Driver/Src/stm32f4xx_hal_cortex.o
 .debug_macro   0x0000000000024802      0x1e3 ./Drivers/STM32F4xx_HAL_Driver/Src/stm32f4xx_hal_gpio.o
 .debug_macro   0x00000000000249e5      0x224 ./Drivers/STM32F4xx_HAL_Driver/Src/stm32f4xx_hal_i2c.o
 .debug_macro   0x0000000000024c09      0x1dd ./Drivers/STM32F4xx_HAL_Driver/Src/stm32f4xx_hal_i2c_ex.o
 .debug_macro   0x0000000000024de6      0x201 ./Drivers/STM32F4xx_HAL_Driver/Src/stm32f4xx_hal_rcc.o
 .debug_macro   0x0000000000024fe7      0x1de ./Drivers/STM32F4xx_HAL_Driver/Src/stm32f4xx_hal_tim.o
 .debug_macro   0x00000000000251c5      0x1dd ./Drivers/STM32F4xx_HAL_Driver/Src/stm32f4xx_hal_tim_ex.o

.debug_line     0x0000000000000000    0x12853
 .debug_line    0x0000000000000000      0x909 ./Core/Src/adc.o
 .debug_line    0x0000000000000909      0x846 ./Core/Src/fonts.o
 .debug_line    0x000000000000114f      0x959 ./Core/Src/functions.o
 .debug_line    0x0000000000001aa8      0xf17 ./Core/Src/i2c.o
 .debug_line    0x00000000000029bf      0xa59 ./Core/Src/main.o
 .debug_line    0x0000000000003418     0x10d0 ./Core/Src/ssd1306.o
 .debug_line    0x00000000000044e8      0x72f ./Core/Src/stm32f4xx_hal_msp.o
 .debug_line    0x0000000000004c17      0x73f ./Core/Src/stm32f4xx_hal_timebase_tim.o
 .debug_line    0x0000000000005356      0x7b5 ./Core/Src/stm32f4xx_it.o
 .debug_line    0x0000000000005b0b      0x4f8 ./Core/Src/sysmem.o
 .debug_line    0x0000000000006003      0x761 ./Core/Src/system_stm32f4xx.o
 .debug_line    0x0000000000006764       0x88 ./Core/Startup/startup_stm32f429zitx.o
 .debug_line    0x00000000000067ec      0x9fd ./Drivers/STM32F4xx_HAL_Driver/Src/stm32f4xx_hal.o
 .debug_line    0x00000000000071e9      0xc76 ./Drivers/STM32F4xx_HAL_Driver/Src/stm32f4xx_hal_cortex.o
 .debug_line    0x0000000000007e5f      0xb65 ./Drivers/STM32F4xx_HAL_Driver/Src/stm32f4xx_hal_gpio.o
 .debug_line    0x00000000000089c4     0x3973 ./Drivers/STM32F4xx_HAL_Driver/Src/stm32f4xx_hal_i2c.o
 .debug_line    0x000000000000c337      0x75a ./Drivers/STM32F4xx_HAL_Driver/Src/stm32f4xx_hal_i2c_ex.o
 .debug_line    0x000000000000ca91      0xd43 ./Drivers/STM32F4xx_HAL_Driver/Src/stm32f4xx_hal_rcc.o
 .debug_line    0x000000000000d7d4     0x36bb ./Drivers/STM32F4xx_HAL_Driver/Src/stm32f4xx_hal_tim.o
 .debug_line    0x0000000000010e8f     0x19c4 ./Drivers/STM32F4xx_HAL_Driver/Src/stm32f4xx_hal_tim_ex.o

.debug_str      0x0000000000000000    0xdab72
 .debug_str     0x0000000000000000    0xd611b ./Core/Src/adc.o
                                      0xd6438 (size before relaxing)
 .debug_str     0x00000000000d611b      0x131 ./Core/Src/fonts.o
                                      0xd5441 (size before relaxing)
 .debug_str     0x00000000000d624c      0x192 ./Core/Src/functions.o
                                      0xd64a7 (size before relaxing)
 .debug_str     0x00000000000d63de      0x125 ./Core/Src/i2c.o
                                      0xd6482 (size before relaxing)
 .debug_str     0x00000000000d6503      0x8af ./Core/Src/main.o
                                      0xd6f28 (size before relaxing)
 .debug_str     0x00000000000d6db2      0x528 ./Core/Src/ssd1306.o
                                      0xd699d (size before relaxing)
 .debug_str     0x00000000000d72da       0x83 ./Core/Src/stm32f4xx_hal_msp.o
                                      0xd2823 (size before relaxing)
 .debug_str     0x00000000000d735d      0x5e9 ./Core/Src/stm32f4xx_hal_timebase_tim.o
                                      0xd2e13 (size before relaxing)
 .debug_str     0x00000000000d7946       0xd6 ./Core/Src/stm32f4xx_it.o
                                      0xd276b (size before relaxing)
 .debug_str     0x00000000000d7a1c      0x4e9 ./Core/Src/sysmem.o
                                       0x62a3 (size before relaxing)
 .debug_str     0x00000000000d7f05       0xaf ./Core/Src/system_stm32f4xx.o
                                      0xd2322 (size before relaxing)
 .debug_str     0x00000000000d7fb4       0x76 ./Core/Startup/startup_stm32f429zitx.o
 .debug_str     0x00000000000d802a      0x57d ./Drivers/STM32F4xx_HAL_Driver/Src/stm32f4xx_hal.o
                                      0xd2ea5 (size before relaxing)
 .debug_str     0x00000000000d85a7      0x399 ./Drivers/STM32F4xx_HAL_Driver/Src/stm32f4xx_hal_cortex.o
                                      0xd2c46 (size before relaxing)
 .debug_str     0x00000000000d8940      0x176 ./Drivers/STM32F4xx_HAL_Driver/Src/stm32f4xx_hal_gpio.o
                                      0xd24cb (size before relaxing)
 .debug_str     0x00000000000d8ab6      0xabe ./Drivers/STM32F4xx_HAL_Driver/Src/stm32f4xx_hal_i2c.o
                                      0xd3298 (size before relaxing)
 .debug_str     0x00000000000d9574       0x3b ./Drivers/STM32F4xx_HAL_Driver/Src/stm32f4xx_hal_i2c_ex.o
                                      0xd271f (size before relaxing)
 .debug_str     0x00000000000d95af      0x244 ./Drivers/STM32F4xx_HAL_Driver/Src/stm32f4xx_hal_rcc.o
                                      0xd2726 (size before relaxing)
 .debug_str     0x00000000000d97f3      0xe47 ./Drivers/STM32F4xx_HAL_Driver/Src/stm32f4xx_hal_tim.o
                                      0xd3640 (size before relaxing)
 .debug_str     0x00000000000da63a      0x538 ./Drivers/STM32F4xx_HAL_Driver/Src/stm32f4xx_hal_tim_ex.o
                                      0xd2df1 (size before relaxing)

.comment        0x0000000000000000       0x53
 .comment       0x0000000000000000       0x53 ./Core/Src/adc.o
                                         0x54 (size before relaxing)
 .comment       0x0000000000000053       0x54 ./Core/Src/fonts.o
 .comment       0x0000000000000053       0x54 ./Core/Src/functions.o
 .comment       0x0000000000000053       0x54 ./Core/Src/i2c.o
 .comment       0x0000000000000053       0x54 ./Core/Src/main.o
 .comment       0x0000000000000053       0x54 ./Core/Src/ssd1306.o
 .comment       0x0000000000000053       0x54 ./Core/Src/stm32f4xx_hal_msp.o
 .comment       0x0000000000000053       0x54 ./Core/Src/stm32f4xx_hal_timebase_tim.o
 .comment       0x0000000000000053       0x54 ./Core/Src/stm32f4xx_it.o
 .comment       0x0000000000000053       0x54 ./Core/Src/sysmem.o
 .comment       0x0000000000000053       0x54 ./Core/Src/system_stm32f4xx.o
 .comment       0x0000000000000053       0x54 ./Drivers/STM32F4xx_HAL_Driver/Src/stm32f4xx_hal.o
 .comment       0x0000000000000053       0x54 ./Drivers/STM32F4xx_HAL_Driver/Src/stm32f4xx_hal_cortex.o
 .comment       0x0000000000000053       0x54 ./Drivers/STM32F4xx_HAL_Driver/Src/stm32f4xx_hal_gpio.o
 .comment       0x0000000000000053       0x54 ./Drivers/STM32F4xx_HAL_Driver/Src/stm32f4xx_hal_i2c.o
 .comment       0x0000000000000053       0x54 ./Drivers/STM32F4xx_HAL_Driver/Src/stm32f4xx_hal_i2c_ex.o
 .comment       0x0000000000000053       0x54 ./Drivers/STM32F4xx_HAL_Driver/Src/stm32f4xx_hal_rcc.o
 .comment       0x0000000000000053       0x54 ./Drivers/STM32F4xx_HAL_Driver/Src/stm32f4xx_hal_tim.o
 .comment       0x0000000000000053       0x54 ./Drivers/STM32F4xx_HAL_Driver/Src/stm32f4xx_hal_tim_ex.o

.debug_frame    0x0000000000000000     0x3f5c
 .debug_frame   0x0000000000000000       0x70 ./Core/Src/adc.o
 .debug_frame   0x0000000000000070       0x38 ./Core/Src/fonts.o
 .debug_frame   0x00000000000000a8       0x34 ./Core/Src/functions.o
 .debug_frame   0x00000000000000dc      0x218 ./Core/Src/i2c.o
 .debug_frame   0x00000000000002f4       0xd4 ./Core/Src/main.o
 .debug_frame   0x00000000000003c8      0x410 ./Core/Src/ssd1306.o
 .debug_frame   0x00000000000007d8       0x7c ./Core/Src/stm32f4xx_hal_msp.o
 .debug_frame   0x0000000000000854       0x74 ./Core/Src/stm32f4xx_hal_timebase_tim.o
 .debug_frame   0x00000000000008c8      0x124 ./Core/Src/stm32f4xx_it.o
 .debug_frame   0x00000000000009ec       0x34 ./Core/Src/sysmem.o
 .debug_frame   0x0000000000000a20       0x58 ./Core/Src/system_stm32f4xx.o
 .debug_frame   0x0000000000000a78      0x3b4 ./Drivers/STM32F4xx_HAL_Driver/Src/stm32f4xx_hal.o
 .debug_frame   0x0000000000000e2c      0x498 ./Drivers/STM32F4xx_HAL_Driver/Src/stm32f4xx_hal_cortex.o
 .debug_frame   0x00000000000012c4      0x14c ./Drivers/STM32F4xx_HAL_Driver/Src/stm32f4xx_hal_gpio.o
 .debug_frame   0x0000000000001410      0xc5c ./Drivers/STM32F4xx_HAL_Driver/Src/stm32f4xx_hal_i2c.o
 .debug_frame   0x000000000000206c       0x60 ./Drivers/STM32F4xx_HAL_Driver/Src/stm32f4xx_hal_i2c_ex.o
 .debug_frame   0x00000000000020cc      0x1f0 ./Drivers/STM32F4xx_HAL_Driver/Src/stm32f4xx_hal_rcc.o
 .debug_frame   0x00000000000022bc     0x11c4 ./Drivers/STM32F4xx_HAL_Driver/Src/stm32f4xx_hal_tim.o
 .debug_frame   0x0000000000003480      0x638 ./Drivers/STM32F4xx_HAL_Driver/Src/stm32f4xx_hal_tim_ex.o
 .debug_frame   0x0000000000003ab8       0x20 c:/st/stm32cubeide_1.7.0/stm32cubeide/plugins/com.st.stm32cube.ide.mcu.externaltools.gnu-tools-for-stm32.9-2020-q2-update.win32_2.0.0.202105311346/tools/bin/../lib/gcc/arm-none-eabi/9.3.1/../../../../arm-none-eabi/lib/thumb/v7e-m+fp/hard\libc_nano.a(lib_a-errno.o)
 .debug_frame   0x0000000000003ad8       0x2c c:/st/stm32cubeide_1.7.0/stm32cubeide/plugins/com.st.stm32cube.ide.mcu.externaltools.gnu-tools-for-stm32.9-2020-q2-update.win32_2.0.0.202105311346/tools/bin/../lib/gcc/arm-none-eabi/9.3.1/../../../../arm-none-eabi/lib/thumb/v7e-m+fp/hard\libc_nano.a(lib_a-init.o)
 .debug_frame   0x0000000000003b04       0x20 c:/st/stm32cubeide_1.7.0/stm32cubeide/plugins/com.st.stm32cube.ide.mcu.externaltools.gnu-tools-for-stm32.9-2020-q2-update.win32_2.0.0.202105311346/tools/bin/../lib/gcc/arm-none-eabi/9.3.1/../../../../arm-none-eabi/lib/thumb/v7e-m+fp/hard\libc_nano.a(lib_a-memset.o)
 .debug_frame   0x0000000000003b24       0x6c c:/st/stm32cubeide_1.7.0/stm32cubeide/plugins/com.st.stm32cube.ide.mcu.externaltools.gnu-tools-for-stm32.9-2020-q2-update.win32_2.0.0.202105311346/tools/bin/../lib/gcc/arm-none-eabi/9.3.1/../../../../arm-none-eabi/lib/thumb/v7e-m+fp/hard\libc_nano.a(lib_a-sprintf.o)
 .debug_frame   0x0000000000003b90       0x90 c:/st/stm32cubeide_1.7.0/stm32cubeide/plugins/com.st.stm32cube.ide.mcu.externaltools.gnu-tools-for-stm32.9-2020-q2-update.win32_2.0.0.202105311346/tools/bin/../lib/gcc/arm-none-eabi/9.3.1/../../../../arm-none-eabi/lib/thumb/v7e-m+fp/hard\libc_nano.a(lib_a-nano-svfprintf.o)
 .debug_frame   0x0000000000003c20       0x60 c:/st/stm32cubeide_1.7.0/stm32cubeide/plugins/com.st.stm32cube.ide.mcu.externaltools.gnu-tools-for-stm32.9-2020-q2-update.win32_2.0.0.202105311346/tools/bin/../lib/gcc/arm-none-eabi/9.3.1/../../../../arm-none-eabi/lib/thumb/v7e-m+fp/hard\libc_nano.a(lib_a-nano-vfprintf_i.o)
 .debug_frame   0x0000000000003c80       0x28 c:/st/stm32cubeide_1.7.0/stm32cubeide/plugins/com.st.stm32cube.ide.mcu.externaltools.gnu-tools-for-stm32.9-2020-q2-update.win32_2.0.0.202105311346/tools/bin/../lib/gcc/arm-none-eabi/9.3.1/../../../../arm-none-eabi/lib/thumb/v7e-m+fp/hard\libc_nano.a(lib_a-memcpy-stub.o)
 .debug_frame   0x0000000000003ca8       0x28 c:/st/stm32cubeide_1.7.0/stm32cubeide/plugins/com.st.stm32cube.ide.mcu.externaltools.gnu-tools-for-stm32.9-2020-q2-update.win32_2.0.0.202105311346/tools/bin/../lib/gcc/arm-none-eabi/9.3.1/../../../../arm-none-eabi/lib/thumb/v7e-m+fp/hard\libc_nano.a(lib_a-memmove.o)
 .debug_frame   0x0000000000003cd0       0x38 c:/st/stm32cubeide_1.7.0/stm32cubeide/plugins/com.st.stm32cube.ide.mcu.externaltools.gnu-tools-for-stm32.9-2020-q2-update.win32_2.0.0.202105311346/tools/bin/../lib/gcc/arm-none-eabi/9.3.1/../../../../arm-none-eabi/lib/thumb/v7e-m+fp/hard\libc_nano.a(lib_a-nano-freer.o)
 .debug_frame   0x0000000000003d08       0x30 c:/st/stm32cubeide_1.7.0/stm32cubeide/plugins/com.st.stm32cube.ide.mcu.externaltools.gnu-tools-for-stm32.9-2020-q2-update.win32_2.0.0.202105311346/tools/bin/../lib/gcc/arm-none-eabi/9.3.1/../../../../arm-none-eabi/lib/thumb/v7e-m+fp/hard\libc_nano.a(lib_a-nano-mallocr.o)
 .debug_frame   0x0000000000003d38       0x3c c:/st/stm32cubeide_1.7.0/stm32cubeide/plugins/com.st.stm32cube.ide.mcu.externaltools.gnu-tools-for-stm32.9-2020-q2-update.win32_2.0.0.202105311346/tools/bin/../lib/gcc/arm-none-eabi/9.3.1/../../../../arm-none-eabi/lib/thumb/v7e-m+fp/hard\libc_nano.a(lib_a-nano-reallocr.o)
 .debug_frame   0x0000000000003d74       0x2c c:/st/stm32cubeide_1.7.0/stm32cubeide/plugins/com.st.stm32cube.ide.mcu.externaltools.gnu-tools-for-stm32.9-2020-q2-update.win32_2.0.0.202105311346/tools/bin/../lib/gcc/arm-none-eabi/9.3.1/../../../../arm-none-eabi/lib/thumb/v7e-m+fp/hard\libc_nano.a(lib_a-sbrkr.o)
 .debug_frame   0x0000000000003da0       0x30 c:/st/stm32cubeide_1.7.0/stm32cubeide/plugins/com.st.stm32cube.ide.mcu.externaltools.gnu-tools-for-stm32.9-2020-q2-update.win32_2.0.0.202105311346/tools/bin/../lib/gcc/arm-none-eabi/9.3.1/../../../../arm-none-eabi/lib/thumb/v7e-m+fp/hard\libc_nano.a(lib_a-mlock.o)
 .debug_frame   0x0000000000003dd0       0x20 c:/st/stm32cubeide_1.7.0/stm32cubeide/plugins/com.st.stm32cube.ide.mcu.externaltools.gnu-tools-for-stm32.9-2020-q2-update.win32_2.0.0.202105311346/tools/bin/../lib/gcc/arm-none-eabi/9.3.1/../../../../arm-none-eabi/lib/thumb/v7e-m+fp/hard\libc_nano.a(lib_a-nano-msizer.o)
 .debug_frame   0x0000000000003df0       0x5c c:/st/stm32cubeide_1.7.0/stm32cubeide/plugins/com.st.stm32cube.ide.mcu.externaltools.gnu-tools-for-stm32.9-2020-q2-update.win32_2.0.0.202105311346/tools/bin/../lib/gcc/arm-none-eabi/9.3.1/../../../../arm-none-eabi/lib/thumb/v7e-m+fp/hard\libc_nano.a(lib_a-reent.o)
 .debug_frame   0x0000000000003e4c       0xb0 c:/st/stm32cubeide_1.7.0/stm32cubeide/plugins/com.st.stm32cube.ide.mcu.externaltools.gnu-tools-for-stm32.9-2020-q2-update.win32_2.0.0.202105311346/tools/bin/../lib/gcc/arm-none-eabi/9.3.1/../../../../arm-none-eabi/lib/thumb/v7e-m+fp/hard\libc_nano.a(lib_a-lock.o)
 .debug_frame   0x0000000000003efc       0x2c c:/st/stm32cubeide_1.7.0/stm32cubeide/plugins/com.st.stm32cube.ide.mcu.externaltools.gnu-tools-for-stm32.9-2020-q2-update.win32_2.0.0.202105311346/tools/bin/../lib/gcc/arm-none-eabi/9.3.1/thumb/v7e-m+fp/hard\libgcc.a(_aeabi_uldivmod.o)
 .debug_frame   0x0000000000003f28       0x34 c:/st/stm32cubeide_1.7.0/stm32cubeide/plugins/com.st.stm32cube.ide.mcu.externaltools.gnu-tools-for-stm32.9-2020-q2-update.win32_2.0.0.202105311346/tools/bin/../lib/gcc/arm-none-eabi/9.3.1/thumb/v7e-m+fp/hard\libgcc.a(_udivmoddi4.o)
