oled.c:60:6:SSD1306_ScrollRight	16	static
oled.c:73:6:SSD1306_ScrollLeft	16	static
oled.c:86:6:SSD1306_Scrolldiagright	16	static
oled.c:102:6:SSD1306_Scrolldiagleft	16	static
oled.c:118:6:SSD1306_Stopscroll	8	static
oled.c:125:6:SSD1306_InvertDisplay	16	static
oled.c:134:6:SSD1306_DrawBitmap	32	static
oled.c:164:9:SSD1306_Init	16	static
oled.c:228:6:SSD1306_UpdateScreen	16	static
oled.c:241:6:SSD1306_ToggleInvert	16	static
oled.c:253:6:SSD1306_Fill	16	static
oled.c:258:6:SSD1306_DrawPixel	16	static
oled.c:280:6:SSD1306_GotoXY	16	static
oled.c:286:6:SSD1306_Putc	32	static
oled.c:317:6:SSD1306_Puts	24	static
oled.c:335:6:SSD1306_DrawLine	40	static
oled.c:419:6:SSD1306_DrawRectangle	32	static
oled.c:444:6:SSD1306_DrawFilledRectangle	40	static
oled.c:471:6:SSD1306_DrawTriangle	32	static
oled.c:479:6:SSD1306_DrawFilledTriangle	64	static
oled.c:535:6:SSD1306_DrawCircle	40	static
oled.c:569:6:SSD1306_DrawFilledCircle	48	static
oled.c:602:6:SSD1306_Clear	8	static
oled.c:607:6:SSD1306_ON	8	static
oled.c:612:6:SSD1306_OFF	8	static
oled.c:619:6:ssd1306_I2C_Init	16	static
oled.c:628:6:ssd1306_I2C_WriteMulti	288	static
oled.c:636:6:ssd1306_I2C_Write	16	static
